Archive member included to satisfy reference by file (symbol)

/opt/devkitpro/libnds/lib/libnds9.a(console.o)
                              main.o (consoleDemoInit)
/opt/devkitpro/libnds/lib/libnds9.a(keys.o)
                              main.o (scanKeys)
/opt/devkitpro/libnds/lib/libnds9.a(timers.o)
                              main.o (cpuGetTiming)
/opt/devkitpro/libnds/lib/libnds9.a(default_font.bin.o)
                              /opt/devkitpro/libnds/lib/libnds9.a(console.o) (default_font_bin)
/opt/devkitpro/libnds/lib/libnds9.a(background.o)
                              /opt/devkitpro/libnds/lib/libnds9.a(console.o) (bgState)
/opt/devkitpro/libnds/lib/libnds9.a(trig.o)
                              /opt/devkitpro/libnds/lib/libnds9.a(background.o) (sinLerp)
/opt/devkitpro/calico/lib/libcalico_ds9.a(irq.o)
                              /opt/devkitpro/libnds/lib/libnds9.a(timers.o) (irqSet)
/opt/devkitpro/calico/lib/libcalico_ds9.a(tick.o)
                              /opt/devkitpro/libnds/lib/libnds9.a(timers.o) (tickInit)
/opt/devkitpro/calico/lib/libcalico_ds9.a(thread_cold.o)
                              main.o (threadIrqWait)
/opt/devkitpro/calico/lib/libcalico_ds9.a(thread_hot.32.o)
                              /opt/devkitpro/calico/lib/libcalico_ds9.a(thread_cold.o) (threadSwitchTo)
/opt/devkitpro/calico/lib/libcalico_ds9.a(mutex.o)
                              /opt/devkitpro/calico/lib/libcalico_ds9.a(thread_cold.o) (threadUpdateDynamicPrio)
/opt/devkitpro/calico/lib/libcalico_ds9.a(arm-copy-fill.32.o)
                              /opt/devkitpro/calico/lib/libcalico_ds9.a(thread_cold.o) (armCopyMem32)
/opt/devkitpro/calico/lib/libcalico_ds9.a(arm-context.32.o)
                              /opt/devkitpro/calico/lib/libcalico_ds9.a(thread_hot.32.o) (armContextSave)
/opt/devkitpro/calico/lib/libcalico_ds9.a(arm-shims.32.o)
                              /opt/devkitpro/calico/lib/libcalico_ds9.a(thread_cold.o) (armWaitForIrq)
/opt/devkitpro/calico/lib/libcalico_ds9.a(keypad.o)
                              /opt/devkitpro/libnds/lib/libnds9.a(keys.o) (keypadGetState)
/opt/devkitpro/calico/lib/libcalico_ds9.a(bootstub_arm9.o)
                              (__ds9_bootstub)
/opt/devkitpro/calico/lib/libcalico_ds9.a(excpt_handler.32.o)
                              /opt/devkitpro/calico/lib/libcalico_ds9.a(bootstub_arm9.o) (__arm_excpt_rst)
/opt/devkitpro/calico/lib/libcalico_ds9.a(touch.o)
                              /opt/devkitpro/libnds/lib/libnds9.a(keys.o) (touchRead)
/opt/devkitpro/calico/lib/libcalico_ds9.a(newlib_syscalls.o)
                              /opt/devkitpro/calico/lib/libcalico_ds9.a(bootstub_arm9.o) (__newlib_syscalls)
/opt/devkitpro/calico/lib/libcalico_ds9.a(startup.crt0.o)
                              /opt/devkitpro/calico/lib/libcalico_ds9.a(bootstub_arm9.o) (crt0Startup)
/opt/devkitpro/calico/lib/libcalico_ds9.a(utils.crt0.o)
                              /opt/devkitpro/calico/lib/libcalico_ds9.a(startup.crt0.o) (crt0CopyMem32)
/opt/devkitpro/calico/lib/libcalico_ds9.a(irq_handler.32.o)
                              /opt/devkitpro/calico/lib/libcalico_ds9.a(bootstub_arm9.o) (__arm_excpt_irq)
/opt/devkitpro/calico/lib/libcalico_ds9.a(pxi.o)
                              /opt/devkitpro/calico/lib/libcalico_ds9.a(startup.crt0.o) (_pxiInit)
/opt/devkitpro/calico/lib/libcalico_ds9.a(mpu_setup.crt0.o)
                              /opt/devkitpro/calico/lib/libcalico_ds9.a(startup.crt0.o) (crt0SetupMPU)
/opt/devkitpro/calico/lib/libcalico_ds9.a(sys_startup.o)
                              /opt/devkitpro/calico/lib/libcalico_ds9.a(startup.crt0.o) (systemStartup)
/opt/devkitpro/calico/lib/libcalico_ds9.a(mailbox.o)
                              /opt/devkitpro/calico/lib/libcalico_ds9.a(pxi.o) (mailboxTrySend)
/opt/devkitpro/calico/lib/libcalico_ds9.a(arm-cache.32.o)
                              /opt/devkitpro/calico/lib/libcalico_ds9.a(startup.crt0.o) (armDCacheFlushAll)
/opt/devkitpro/calico/lib/libcalico_ds9.a(pm.o)
                              /opt/devkitpro/calico/lib/libcalico_ds9.a(sys_startup.o) (pmInit)
/opt/devkitpro/devkitARM/lib/gcc/arm-none-eabi/16.1.0/thumb/libgcc.a(_divsi3.o)
                              main.o (__aeabi_idiv)
/opt/devkitpro/devkitARM/lib/gcc/arm-none-eabi/16.1.0/thumb/libgcc.a(_dvmd_tls.o)
                              /opt/devkitpro/devkitARM/lib/gcc/arm-none-eabi/16.1.0/thumb/libgcc.a(_divsi3.o) (__aeabi_idiv0)
/opt/devkitpro/devkitARM/lib/gcc/arm-none-eabi/16.1.0/thumb/libgcc.a(_aeabi_uldivmod.o)
                              /opt/devkitpro/calico/lib/libcalico_ds9.a(newlib_syscalls.o) (__aeabi_uldivmod)
/opt/devkitpro/devkitARM/lib/gcc/arm-none-eabi/16.1.0/thumb/libgcc.a(_sync_none.o)
                              (__sync_synchronize_none)
/opt/devkitpro/devkitARM/lib/gcc/arm-none-eabi/16.1.0/thumb/libgcc.a(_udivmoddi4.o)
[...]
Memory Configuration

Name             Origin             Length             Attributes
lma9             0x02004000         0x0027c000
lma9i            0x02400000         0x00280000
vectors          0x00000000         0x00000020
itcm             0x01ff8020         0x00007fe0
main             0x02001000         0x00f7f000
dtcm             0x02ff0000         0x00003e80
dldi             0x0380b000         0x00004000
stub             0x0e000000         0x00004000
tls              0x00000000         0x00000400
*default*        0x00000000         0xffffffff

Linker script and memory map

                0x00000000                        __sync_synchronize = __sync_synchronize_none
LOAD /opt/devkitpro/devkitARM/lib/gcc/arm-none-eabi/16.1.0/thumb/crti.o
LOAD /opt/devkitpro/devkitARM/lib/gcc/arm-none-eabi/16.1.0/thumb/crtbegin.o
LOAD main.o
LOAD /opt/devkitpro/libnds/lib/libnds9.a
LOAD /opt/devkitpro/calico/lib/libcalico_ds9.a
START GROUP
LOAD /opt/devkitpro/devkitARM/lib/gcc/arm-none-eabi/16.1.0/thumb/libgcc.a
LOAD /opt/devkitpro/devkitARM/lib/gcc/arm-none-eabi/16.1.0/../../../../arm-none-eabi/lib/thumb/libg.a
LOAD /opt/devkitpro/devkitARM/lib/gcc/arm-none-eabi/16.1.0/../../../../arm-none-eabi/lib/thumb/libc.a
LOAD /opt/devkitpro/devkitARM/lib/gcc/arm-none-eabi/16.1.0/../../../../arm-none-eabi/lib/thumb/libsysbase.a
END GROUP
LOAD /opt/devkitpro/devkitARM/lib/gcc/arm-none-eabi/16.1.0/thumb/crtend.o
LOAD /opt/devkitpro/devkitARM/lib/gcc/arm-none-eabi/16.1.0/thumb/crtn.o
                0x02ff3e80                        PROVIDE (__sp_usr = (ORIGIN (dtcm) + LENGTH (dtcm)))
                0x02ff3f80                        PROVIDE (__sp_irq = (__sp_usr + 0x100))
                0x02ff3fc0                        PROVIDE (__sp_svc = (__sp_irq + 0x40))
                0x02ff3ff8                        PROVIDE (__irq_flags = (__sp_svc + 0x38))
                [!provide]                        PROVIDE (__irq_vector = (__sp_svc + 0x3c))
                [!provide]                        PROVIDE (__arm_excpt_rst = 0xffff0000)
                [!provide]                        PROVIDE (__arm_excpt_und = 0xffff0004)
                0xffff0008                        PROVIDE (__arm_excpt_svc = 0xffff0008)
                [!provide]                        PROVIDE (__arm_excpt_pabt = 0xffff000c)
                [!provide]                        PROVIDE (__arm_excpt_dabt = 0xffff0010)
                [!provide]                        PROVIDE (__arm_excpt_irq = 0xffff0018)
                [!provide]                        PROVIDE (__arm_excpt_fiq = 0xffff001c)
                0x00000000                        PROVIDE (__end__ = 0x0)

.secure         0x0e000000      0x800 load address 0x02004000
                0x0e0007fc                        . = (. + 0x7fc)
 *fill*         0x0e000000      0x7fc 00000000
                0x0e0007fc        0x4 LONG 0x0

.bootstub       0x0e000800      0x198 load address 0x02004800
 *(.bootstub .bootstub.*)
 .bootstub.__ds9_bootstub
                0x0e000800      0x198 /opt/devkitpro/calico/lib/libcalico_ds9.a(bootstub_arm9.o)
                0x0e000800                __ds9_bootstub
                0x0e000998                        . = ALIGN (0x4)

.crt0           0x02001000      0x3c0 load address 0x02004998
 *(.crt0 .crt0.*)
 .crt0.__ds9_bootstub_trampoline
                0x02001000       0x60 /opt/devkitpro/calico/lib/libcalico_ds9.a(bootstub_arm9.o)
 *.crt0.*(.text .stub .text.* .gnu.linkonce.t.*)
 .text.crt0ProcessLoadList
                0x02001060       0x74 /opt/devkitpro/calico/lib/libcalico_ds9.a(startup.crt0.o)
                0x02001060                crt0ProcessLoadList
 .text.crt0Startup
                0x020010d4      0x180 /opt/devkitpro/calico/lib/libcalico_ds9.a(startup.crt0.o)
                0x020010d4                crt0Startup
 .text.crt0CopyMem32
                0x02001254       0x4c /opt/devkitpro/calico/lib/libcalico_ds9.a(utils.crt0.o)
                0x02001254                crt0CopyMem32
 .text.crt0FillMem32
                0x020012a0       0x58 /opt/devkitpro/calico/lib/libcalico_ds9.a(utils.crt0.o)
                0x020012a0                crt0FillMem32
 .text.crt0SetupMPU
                0x020012f8       0xb4 /opt/devkitpro/calico/lib/libcalico_ds9.a(mpu_setup.crt0.o)
                0x020012f8                crt0SetupMPU
 *.crt0.*(.glue_7t .glue_7 .vfp11_veneer .v4_bx)
 *.crt0.*(.rodata .rodata.* .gnu.linkonce.r.*)
 *.crt0.*(.rodata1)
                0x020013c0                        . = ALIGN (0x20)
 *fill*         0x020013ac       0x14 ff
                0x02004998                        PROVIDE (__crt0_lma = LOADADDR (.crt0))
                0x02001000                        PROVIDE (__crt0_start = ADDR (.crt0))
                0x020013c0                        PROVIDE (__crt0_end = (ADDR (.crt0) + SIZEOF (.crt0)))
                0x00000001                        ASSERT (((__crt0_end <= LOADADDR (.bootstub)) || (__crt0_start >= (LOADADDR (.bootstub) + SIZEOF (.bootstub)))), Error: crt0 section overlaps initial bootstrap)

.dldi           0x0380b000        0x0 load address 0x02004d58
 *(.dldi)
                0x00000000                        PROVIDE (__dldi_lma = SIZEOF (.dldi)?LOADADDR (.dldi):0x0)

.vectors        0x00000000       0x20 load address 0x02004d58
 *(.vectors)
 .vectors       0x00000000       0x20 /opt/devkitpro/calico/lib/libcalico_ds9.a(bootstub_arm9.o)

.itcm           0x01ff8020      0x644 load address 0x02004d78
 *(.itcm .itcm.*)
 .itcm          0x01ff8020       0x30 /opt/devkitpro/calico/lib/libcalico_ds9.a(bootstub_arm9.o)
                0x01ff8038                __excpt_vectors
 *.itcm.*(.text .stub .text.* .gnu.linkonce.t.*)
 *.32.o(.text .stub .text.* .gnu.linkonce.t.*)
 .text.threadSwitchTo
                0x01ff8050       0x7c /opt/devkitpro/calico/lib/libcalico_ds9.a(thread_hot.32.o)
                0x01ff8050                threadSwitchTo
 .text.threadBlock
                0x01ff80cc       0xd4 /opt/devkitpro/calico/lib/libcalico_ds9.a(thread_hot.32.o)
                0x01ff80cc                threadBlock
 .text.threadUnblockOneByValue
                0x01ff81a0       0xd4 /opt/devkitpro/calico/lib/libcalico_ds9.a(thread_hot.32.o)
                0x01ff81a0                threadUnblockOneByValue
 .text.threadUnblockAllByValue
                0x01ff8274      0x138 /opt/devkitpro/calico/lib/libcalico_ds9.a(thread_hot.32.o)
                0x01ff8274                threadUnblockAllByValue
 .text.threadUnblockAllByMask
                0x01ff83ac       0xf0 /opt/devkitpro/calico/lib/libcalico_ds9.a(thread_hot.32.o)
                0x01ff83ac                threadUnblockAllByMask
 .text.armContextSave
                0x01ff849c       0x2c /opt/devkitpro/calico/lib/libcalico_ds9.a(arm-context.32.o)
                0x01ff849c                armContextSave
 .text.armContextLoad
                0x01ff84c8       0x20 /opt/devkitpro/calico/lib/libcalico_ds9.a(arm-context.32.o)
                0x01ff84c8                armContextLoad
                0x01ff84cc                armContextLoadFromSvc
 .text.armWaitForIrq
                0x01ff84e8        0x8 /opt/devkitpro/calico/lib/libcalico_ds9.a(arm-shims.32.o)
                0x01ff84e8                armWaitForIrq
 .text.__excpt_entry
                0x01ff84f0       0x50 /opt/devkitpro/calico/lib/libcalico_ds9.a(excpt_handler.32.o)
                0x01ff84f0                __arm_excpt_rst
                0x01ff84f4                __arm_excpt_pabt
                0x01ff84f8                __arm_excpt_und
                0x01ff8504                __arm_excpt_dabt
 .text.__arm_excpt_irq
                0x01ff8540       0xe4 /opt/devkitpro/calico/lib/libcalico_ds9.a(irq_handler.32.o)
                0x01ff8540                __arm_excpt_irq
 .text.armDrainWriteBuffer
                0x01ff8624        0xc /opt/devkitpro/calico/lib/libcalico_ds9.a(arm-cache.32.o)
                0x01ff8624                armDrainWriteBuffer
 .text.armDCacheFlushAll
                0x01ff8630       0x28 /opt/devkitpro/calico/lib/libcalico_ds9.a(arm-cache.32.o)
                0x01ff8630                armDCacheFlushAll
 .text.armICacheInvalidateAll
                0x01ff8658        0xc /opt/devkitpro/calico/lib/libcalico_ds9.a(arm-cache.32.o)
                0x01ff8658                armICacheInvalidateAll
 *.itcm.*(.glue_7t .glue_7 .vfp11_veneer .v4_bx)
 *.32.o(.glue_7t .glue_7 .vfp11_veneer .v4_bx)
 *.itcm.*(.rodata .rodata.* .gnu.linkonce.r.*)
 *.32.o(.rodata .rodata.* .gnu.linkonce.r.*)
 *.itcm.*(.rodata1)
 *.32.o(.rodata1)
                0x01ff8664                        . = ALIGN (0x4)
                0x02004d58                        PROVIDE (__itcm_lma = LOADADDR (.vectors))
                0x01ff8000                        PROVIDE (__itcm_start = (ADDR (.itcm) - SIZEOF (.vectors)))
                0x01ff8664                        PROVIDE (__itcm_end = (ADDR (.itcm) + SIZEOF (.itcm)))
                0x00000001                        ASSERT (((__itcm_lma + SIZEOF (.vectors)) == LOADADDR (.itcm)), Error: gap between vectors and itcm)

.dtcm           0x02ff0000        0x0 load address 0x020053bc
 *(.dtcm .dtcm.*)
 *.32.o(.data .data.* .gnu.linkonce.d.*)
 *.32.o(.data1)
                0x02ff0000                        . = ALIGN (0x4)
                [!provide]                        PROVIDE (__dtcm_lma = LOADADDR (.dtcm))
                0x02ff0000                        PROVIDE (__dtcm_start = ADDR (.dtcm))
                0x02ff0000                        PROVIDE (__dtcm_end = (ADDR (.dtcm) + SIZEOF (.dtcm)))

.dtcm.bss       0x02ff0000       0x98 load address 0x020053bc
 *(.sbss .sbss.*)
 *.32.o(.dynbss)
 *.32.o(.bss .bss.* .gnu.linkonce.b.*)
 .bss.__irq_table
                0x02ff0000       0x80 /opt/devkitpro/calico/lib/libcalico_ds9.a(thread_hot.32.o)
                0x02ff0000                __irq_table
 .bss.__sched_state
                0x02ff0080       0x18 /opt/devkitpro/calico/lib/libcalico_ds9.a(thread_hot.32.o)
                0x02ff0080                __sched_state
 *.32.o(COMMON)
                0x02ff0098                        . = ALIGN (0x4)
                [!provide]                        PROVIDE (__dtcm_bss_start = ADDR (.dtcm.bss))
                0x02ff0098                        PROVIDE (__dtcm_bss_end = (ADDR (.dtcm.bss) + SIZEOF (.dtcm.bss)))

.main           0x020013c0     0xe248 load address 0x020053bc
 *(SORT_NONE(.init))
 .init          0x020013c0        0x4 /opt/devkitpro/devkitARM/lib/gcc/arm-none-eabi/16.1.0/thumb/crti.o
                0x020013c0                _init
 .init          0x020013c4        0x8 /opt/devkitpro/devkitARM/lib/gcc/arm-none-eabi/16.1.0/thumb/crtn.o
 EXCLUDE_FILE(*.twl.*) *(.text.unlikely .text.*_unlikely .text.unlikely.*)
 EXCLUDE_FILE(*.twl.*) *(.text.exit .text.exit.*)
 .text.exit     0x020013cc       0x24 /opt/devkitpro/devkitARM/lib/gcc/arm-none-eabi/16.1.0/../../../../arm-none-eabi/lib/thumb/libg.a(libc_a-exit.o)
                0x020013cc                exit
 EXCLUDE_FILE(*.twl.*) *(.text.startup .text.startup.*)
 .text.startup  0x020013f0      0x36c main.o
                0x020013f0                main
 EXCLUDE_FILE(*.twl.*) *(.text.hot .text.hot.*)
 EXCLUDE_FILE(*.twl.*) *(.text .iplt .stub .text.* .gnu.linkonce.t.*)
 .text.__do_global_dtors_aux
                0x0200175c       0x2c /opt/devkitpro/devkitARM/lib/gcc/arm-none-eabi/16.1.0/thumb/crtbegin.o
 .text.frame_dummy
                0x02001788       0x24 /opt/devkitpro/devkitARM/lib/gcc/arm-none-eabi/16.1.0/thumb/crtbegin.o
 .iplt          0x020017ac        0x0 /opt/devkitpro/devkitARM/lib/gcc/arm-none-eabi/16.1.0/thumb/crtbegin.o
 .text          0x020017ac      0x288 main.o
 .text.newRow   0x02001a34       0xe8 /opt/devkitpro/libnds/lib/libnds9.a(console.o)
 .text.consolePrintChar
                0x02001b1c       0xe0 /opt/devkitpro/libnds/lib/libnds9.a(console.o)
                0x02001b1c                consolePrintChar
 .text.con_write
                0x02001bfc      0x34c /opt/devkitpro/libnds/lib/libnds9.a(console.o)
                0x02001bfc                con_write
 .text.consoleLoadFont
                0x02001f48      0x2e4 /opt/devkitpro/libnds/lib/libnds9.a(console.o)
                0x02001f48                consoleLoadFont
 .text.consoleInit
                0x0200222c      0x170 /opt/devkitpro/libnds/lib/libnds9.a(console.o)
                0x0200222c                consoleInit
 .text.consoleDemoInit
                0x0200239c       0x40 /opt/devkitpro/libnds/lib/libnds9.a(console.o)
                0x0200239c                consoleDemoInit
 .text.consoleClear
                0x020023dc       0x10 /opt/devkitpro/libnds/lib/libnds9.a(console.o)
                0x020023dc                consoleClear
 .text.scanKeys
                0x020023ec       0x6c /opt/devkitpro/libnds/lib/libnds9.a(keys.o)
                0x020023ec                scanKeys
 .text.keysHeld
                0x02002458        0xc /opt/devkitpro/libnds/lib/libnds9.a(keys.o)
                0x02002458                keysHeld
 .text.keysDown
                0x02002464       0x10 /opt/devkitpro/libnds/lib/libnds9.a(keys.o)
                0x02002464                keysDown
 .text.cpuGetTiming
                0x02002474       0x18 /opt/devkitpro/libnds/lib/libnds9.a(timers.o)
                0x02002474                cpuGetTiming
 .text.checkIfText
                0x0200248c       0x6c /opt/devkitpro/libnds/lib/libnds9.a(background.o)
                0x0200248c                checkIfText
 .text.bgUpdate
                0x020024f8       0xe8 /opt/devkitpro/libnds/lib/libnds9.a(background.o)
                0x020024f8                bgUpdate
 .text.bgInit_call
                0x020025e0       0xa8 /opt/devkitpro/libnds/lib/libnds9.a(background.o)
                0x020025e0                bgInit_call
 .text.bgInitSub_call
                0x02002688       0xb0 /opt/devkitpro/libnds/lib/libnds9.a(background.o)
                0x02002688                bgInitSub_call
 .text.sinLutLookup
                0x02002738       0x4c /opt/devkitpro/libnds/lib/libnds9.a(trig.o)
                0x02002738                sinLutLookup
 .text.sinLerp  0x02002784       0x38 /opt/devkitpro/libnds/lib/libnds9.a(trig.o)
                0x02002784                sinLerp
 .text.cosLerp  0x020027bc       0x44 /opt/devkitpro/libnds/lib/libnds9.a(trig.o)
                0x020027bc                cosLerp
 .text.irqSet   0x02002800       0x64 /opt/devkitpro/calico/lib/libcalico_ds9.a(irq.o)
                0x02002800                irqSet
 .text._tickCountIsr
                0x02002864       0x1c /opt/devkitpro/calico/lib/libcalico_ds9.a(tick.o)
 .text._tickTaskSchedule.part.0.isra.0
                0x02002880       0x84 /opt/devkitpro/calico/lib/libcalico_ds9.a(tick.o)
 .text.tickInit
                0x02002904       0xa0 /opt/devkitpro/calico/lib/libcalico_ds9.a(tick.o)
                0x02002904                tickInit
 .text.tickGetCount
                0x020029a4       0x5c /opt/devkitpro/calico/lib/libcalico_ds9.a(tick.o)
                0x020029a4                tickGetCount
 .text._tickTaskIsr
                0x02002a00      0x110 /opt/devkitpro/calico/lib/libcalico_ds9.a(tick.o)
 .text.tickTaskStart
                0x02002b10      0x144 /opt/devkitpro/calico/lib/libcalico_ds9.a(tick.o)
                0x02002b10                tickTaskStart
 .text._threadTickTask
                0x02002c54       0x10 /opt/devkitpro/calico/lib/libcalico_ds9.a(thread_cold.o)
 .text.threadExit
                0x02002c64       0xa0 /opt/devkitpro/calico/lib/libcalico_ds9.a(thread_cold.o)
                0x02002c64                threadExit
 .text._threadInit
                0x02002d04       0x98 /opt/devkitpro/calico/lib/libcalico_ds9.a(thread_cold.o)
                0x02002d04                _threadInit
 .text.threadPrepare
                0x02002d9c      0x134 /opt/devkitpro/calico/lib/libcalico_ds9.a(thread_cold.o)
                0x02002d9c                threadPrepare
 .text.threadStart
                0x02002ed0       0x94 /opt/devkitpro/calico/lib/libcalico_ds9.a(thread_cold.o)
                0x02002ed0                threadStart
 .text.threadIrqWait
                0x02002f64       0xa4 /opt/devkitpro/calico/lib/libcalico_ds9.a(thread_cold.o)
                0x02002f64                threadIrqWait
 .text.threadSleepTicks
                0x02003008       0x58 /opt/devkitpro/calico/lib/libcalico_ds9.a(thread_cold.o)
                0x02003008                threadSleepTicks
 .text.threadUpdateDynamicPrio
                0x02003060      0x1d4 /opt/devkitpro/calico/lib/libcalico_ds9.a(mutex.o)
                0x02003060                threadUpdateDynamicPrio
 .text.threadRemoveWaiter
                0x02003234      0x148 /opt/devkitpro/calico/lib/libcalico_ds9.a(mutex.o)
 .text.mutexLock
                0x0200337c      0x138 /opt/devkitpro/calico/lib/libcalico_ds9.a(mutex.o)
                0x0200337c                mutexLock
 .text.mutexUnlock
                0x020034b4       0xbc /opt/devkitpro/calico/lib/libcalico_ds9.a(mutex.o)
                0x020034b4                mutexUnlock
 .text.keypadGetState
                0x02003570       0x28 /opt/devkitpro/calico/lib/libcalico_ds9.a(keypad.o)
                0x02003570                keypadGetState
 .text.touchRead
                0x02003598       0x58 /opt/devkitpro/calico/lib/libcalico_ds9.a(touch.o)
                0x02003598                touchRead
 .text.__syscall_getreent
                0x020035f0       0x14 /opt/devkitpro/calico/lib/libcalico_ds9.a(newlib_syscalls.o)
                0x020035f0                __syscall_getreent
 .text.__errno  0x02003604       0x24 /opt/devkitpro/calico/lib/libcalico_ds9.a(newlib_syscalls.o)
                0x02003604                __errno
 .text.__syscall_lock_acquire
                0x02003628        0x4 /opt/devkitpro/calico/lib/libcalico_ds9.a(newlib_syscalls.o)
                0x02003628                __syscall_lock_acquire
 .text.__syscall_lock_release
                0x0200362c        0x4 /opt/devkitpro/calico/lib/libcalico_ds9.a(newlib_syscalls.o)
                0x0200362c                __syscall_lock_release
 .text.__syscall_lock_acquire_recursive
                0x02003630       0x4c /opt/devkitpro/calico/lib/libcalico_ds9.a(newlib_syscalls.o)
                0x02003630                __syscall_lock_acquire_recursive
 .text.__syscall_lock_release_recursive
                0x0200367c       0x18 /opt/devkitpro/calico/lib/libcalico_ds9.a(newlib_syscalls.o)
                0x0200367c                __syscall_lock_release_recursive
 .text._pxiMailboxHandler
                0x02003694        0x4 /opt/devkitpro/calico/lib/libcalico_ds9.a(pxi.o)
 .text._pxiRecvUnhandled
                0x02003698        0x4 /opt/devkitpro/calico/lib/libcalico_ds9.a(pxi.o)
                0x02003698                _pxiRecvUnhandled
 .text._pxiRecvIrqHandler
                0x0200369c      0x154 /opt/devkitpro/calico/lib/libcalico_ds9.a(pxi.o)
 .text._pxiInit
                0x020037f0       0x58 /opt/devkitpro/calico/lib/libcalico_ds9.a(pxi.o)
                0x020037f0                _pxiInit
 .text.pxiSetHandler
                0x02003848       0x74 /opt/devkitpro/calico/lib/libcalico_ds9.a(pxi.o)
                0x02003848                pxiSetHandler
 .text.pxiSetMailbox
                0x020038bc       0x68 /opt/devkitpro/calico/lib/libcalico_ds9.a(pxi.o)
                0x020038bc                pxiSetMailbox
 .text.pxiWaitRemote
                0x02003924       0x38 /opt/devkitpro/calico/lib/libcalico_ds9.a(pxi.o)
                0x02003924                pxiWaitRemote
 .text.pxiSendPacket
                0x0200395c       0x50 /opt/devkitpro/calico/lib/libcalico_ds9.a(pxi.o)
                0x0200395c                pxiSendPacket
 .text.systemUserStartup
                0x020039ac        0x4 /opt/devkitpro/calico/lib/libcalico_ds9.a(sys_startup.o)
                0x020039ac                systemUserStartup
 .text.systemStartup
                0x020039b0      0x110 /opt/devkitpro/calico/lib/libcalico_ds9.a(sys_startup.o)
                0x020039b0                systemStartup
 .text.mailboxTrySend
                0x02003ac0       0x98 /opt/devkitpro/calico/lib/libcalico_ds9.a(mailbox.o)
                0x02003ac0                mailboxTrySend
 .text.mailboxRecv
                0x02003b58       0x98 /opt/devkitpro/calico/lib/libcalico_ds9.a(mailbox.o)
                0x02003b58                mailboxRecv
 .text._pmCallEventHandlers
                0x02003bf0       0x40 /opt/devkitpro/calico/lib/libcalico_ds9.a(pm.o)
 .text._pmPxiThreadMain
                0x02003c30       0x9c /opt/devkitpro/calico/lib/libcalico_ds9.a(pm.o)
 .text._pmResetPxiHandler
                0x02003ccc       0x28 /opt/devkitpro/calico/lib/libcalico_ds9.a(pm.o)
 .text.systemUserExit
                0x02003cf4        0x4 /opt/devkitpro/calico/lib/libcalico_ds9.a(pm.o)
                0x02003cf4                systemUserExit
 .text.systemErrorExit
                0x02003cf8        0x4 /opt/devkitpro/calico/lib/libcalico_ds9.a(pm.o)
                0x02003cf8                systemErrorExit
 .text.__syscall_exit
                0x02003cfc      0x138 /opt/devkitpro/calico/lib/libcalico_ds9.a(pm.o)
                0x02003cfc                __syscall_exit
 .text.pmInit   0x02003e34       0x58 /opt/devkitpro/calico/lib/libcalico_ds9.a(pm.o)
                0x02003e34                pmInit
 .text          0x02003e8c      0x150 /opt/devkitpro/devkitARM/lib/gcc/arm-none-eabi/16.1.0/thumb/libgcc.a(_divsi3.o)
                0x02003e8c                __aeabi_idiv
                0x02003e8c                __divsi3
                0x02003fbc                __aeabi_idivmod
 .text          0x02003fdc        0x4 /opt/devkitpro/devkitARM/lib/gcc/arm-none-eabi/16.1.0/thumb/libgcc.a(_dvmd_tls.o)
                0x02003fdc                __aeabi_ldiv0
                0x02003fdc                __aeabi_idiv0
 .text          0x02003fe0       0x3c /opt/devkitpro/devkitARM/lib/gcc/arm-none-eabi/16.1.0/thumb/libgcc.a(_aeabi_uldivmod.o)
                0x02003fe0                __aeabi_uldivmod
 .text.__udivmoddi4
                0x0200401c      0x194 /opt/devkitpro/devkitARM/lib/gcc/arm-none-eabi/16.1.0/thumb/libgcc.a(_udivmoddi4.o)
                0x0200401c                __udivmoddi4
 .text          0x020041b0       0x28 /opt/devkitpro/devkitARM/lib/gcc/arm-none-eabi/16.1.0/thumb/libgcc.a(_clzdi2.o)
                0x020041b0                __clzdi2
 .text          0x020041d8       0x48 /opt/devkitpro/devkitARM/lib/gcc/arm-none-eabi/16.1.0/thumb/libgcc.a(_clzsi2.o)
                0x020041d8                __clzsi2
 .text.srand    0x02004220       0x18 /opt/devkitpro/devkitARM/lib/gcc/arm-none-eabi/16.1.0/../../../../arm-none-eabi/lib/thumb/libg.a(libc_a-rand.o)
                0x02004220                srand
 .text.rand     0x02004238       0x30 /opt/devkitpro/devkitARM/lib/gcc/arm-none-eabi/16.1.0/../../../../arm-none-eabi/lib/thumb/libg.a(libc_a-rand.o)
                0x02004238                rand
 .text.memcpy   0x02004268       0xac /opt/devkitpro/devkitARM/lib/gcc/arm-none-eabi/16.1.0/../../../../arm-none-eabi/lib/thumb/libg.a(libc_a-memcpy-stub.o)
                0x02004268                memcpy
 .text.memset   0x02004314       0x8c /opt/devkitpro/devkitARM/lib/gcc/arm-none-eabi/16.1.0/../../../../arm-none-eabi/lib/thumb/libg.a(libc_a-memset.o)
                0x02004314                memset
 .text._malloc_r
                0x020043a0      0x550 /opt/devkitpro/devkitARM/lib/gcc/arm-none-eabi/16.1.0/../../../../arm-none-eabi/lib/thumb/libg.a(libc_a-mallocr.o)
                0x020043a0                _malloc_r
 .text._malloc_trim_r
                0x020048f0       0xac /opt/devkitpro/devkitARM/lib/gcc/arm-none-eabi/16.1.0/../../../../arm-none-eabi/lib/thumb/libg.a(libc_a-freer.o)
                0x020048f0                _malloc_trim_r
 .text._free_r  0x0200499c      0x1d8 /opt/devkitpro/devkitARM/lib/gcc/arm-none-eabi/16.1.0/../../../../arm-none-eabi/lib/thumb/libg.a(libc_a-freer.o)
                0x0200499c                _free_r
 .text.setvbuf  0x02004b74      0x1ac /opt/devkitpro/devkitARM/lib/gcc/arm-none-eabi/16.1.0/../../../../arm-none-eabi/lib/thumb/libg.a(libc_a-setvbuf.o)
                0x02004b74                setvbuf
 .text.stdio_exit_handler
                0x02004d20       0x20 /opt/devkitpro/devkitARM/lib/gcc/arm-none-eabi/16.1.0/../../../../arm-none-eabi/lib/thumb/libg.a(libc_a-findfp.o)
 .text.cleanup_stdio
                0x02004d40       0x40 /opt/devkitpro/devkitARM/lib/gcc/arm-none-eabi/16.1.0/../../../../arm-none-eabi/lib/thumb/libg.a(libc_a-findfp.o)
 .text.global_stdio_init.part.0
                0x02004d80      0x120 /opt/devkitpro/devkitARM/lib/gcc/arm-none-eabi/16.1.0/../../../../arm-none-eabi/lib/thumb/libg.a(libc_a-findfp.o)
 .text.__sinit  0x02004ea0       0x3c /opt/devkitpro/devkitARM/lib/gcc/arm-none-eabi/16.1.0/../../../../arm-none-eabi/lib/thumb/libg.a(libc_a-findfp.o)
                0x02004ea0                __sinit
 .text.__sfp_lock_acquire
                0x02004edc       0x14 /opt/devkitpro/devkitARM/lib/gcc/arm-none-eabi/16.1.0/../../../../arm-none-eabi/lib/thumb/libg.a(libc_a-findfp.o)
                0x02004edc                __sfp_lock_acquire
 .text.__sfp_lock_release
                0x02004ef0       0x14 /opt/devkitpro/devkitARM/lib/gcc/arm-none-eabi/16.1.0/../../../../arm-none-eabi/lib/thumb/libg.a(libc_a-findfp.o)
                0x02004ef0                __sfp_lock_release
 .text.__libc_init_array
                0x02004f04       0x54 /opt/devkitpro/devkitARM/lib/gcc/arm-none-eabi/16.1.0/../../../../arm-none-eabi/lib/thumb/libg.a(libc_a-init.o)
                0x02004f04                __libc_init_array
 .text.malloc   0x02004f58       0x28 /opt/devkitpro/devkitARM/lib/gcc/arm-none-eabi/16.1.0/../../../../arm-none-eabi/lib/thumb/libg.a(libc_a-malloc.o)
                0x02004f58                malloc
 .text.free     0x02004f80       0x14 /opt/devkitpro/devkitARM/lib/gcc/arm-none-eabi/16.1.0/../../../../arm-none-eabi/lib/thumb/libg.a(libc_a-malloc.o)
                0x02004f80                free
 .text.siscanf  0x02004f94       0x50 /opt/devkitpro/devkitARM/lib/gcc/arm-none-eabi/16.1.0/../../../../arm-none-eabi/lib/thumb/libg.a(libc_a-siscanf.o)
                0x02004f94                siscanf
 .text.__sread  0x02004fe4       0x34 /opt/devkitpro/devkitARM/lib/gcc/arm-none-eabi/16.1.0/../../../../arm-none-eabi/lib/thumb/libg.a(libc_a-stdio.o)
                0x02004fe4                __sread
 .text.__seofread
                0x02005018        0x4 /opt/devkitpro/devkitARM/lib/gcc/arm-none-eabi/16.1.0/../../../../arm-none-eabi/lib/thumb/libg.a(libc_a-stdio.o)
                0x02005018                __seofread
 .text.__swrite
                0x0200501c       0x4c /opt/devkitpro/devkitARM/lib/gcc/arm-none-eabi/16.1.0/../../../../arm-none-eabi/lib/thumb/libg.a(libc_a-stdio.o)
                0x0200501c                __swrite
 .text.__sseek  0x02005068       0x3c /opt/devkitpro/devkitARM/lib/gcc/arm-none-eabi/16.1.0/../../../../arm-none-eabi/lib/thumb/libg.a(libc_a-stdio.o)
                0x02005068                __sseek
 .text.__sclose
                0x020050a4       0x10 /opt/devkitpro/devkitARM/lib/gcc/arm-none-eabi/16.1.0/../../../../arm-none-eabi/lib/thumb/libg.a(libc_a-stdio.o)
                0x020050a4                __sclose
 .text.iprintf  0x020050b4       0x28 /opt/devkitpro/devkitARM/lib/gcc/arm-none-eabi/16.1.0/../../../../arm-none-eabi/lib/thumb/libg.a(libc_a-iprintf.o)
                0x020050b4                iprintf
 .text.__malloc_lock
                0x020050dc       0x14 /opt/devkitpro/devkitARM/lib/gcc/arm-none-eabi/16.1.0/../../../../arm-none-eabi/lib/thumb/libg.a(libc_a-mlock.o)
                0x020050dc                __malloc_lock
 .text.__malloc_unlock
                0x020050f0       0x14 /opt/devkitpro/devkitARM/lib/gcc/arm-none-eabi/16.1.0/../../../../arm-none-eabi/lib/thumb/libg.a(libc_a-mlock.o)
                0x020050f0                __malloc_unlock
 .text._fclose_r
                0x02005104       0xe0 /opt/devkitpro/devkitARM/lib/gcc/arm-none-eabi/16.1.0/../../../../arm-none-eabi/lib/thumb/libg.a(libc_a-fclose.o)
                0x02005104                _fclose_r
 .text.__call_exitprocs
                0x020051e4        0xc /opt/devkitpro/devkitARM/lib/gcc/arm-none-eabi/16.1.0/../../../../arm-none-eabi/lib/thumb/libg.a(libc_a-exit.o)
                0x020051e4                __call_exitprocs
 .text.__libc_fini_array
                0x020051f0       0x30 /opt/devkitpro/devkitARM/lib/gcc/arm-none-eabi/16.1.0/../../../../arm-none-eabi/lib/thumb/libg.a(libc_a-fini.o)
                0x020051f0                __libc_fini_array
 .text.get_arg  0x02005220      0x404 /opt/devkitpro/devkitARM/lib/gcc/arm-none-eabi/16.1.0/../../../../arm-none-eabi/lib/thumb/libg.a(libc_a-vfiprintf.o)
 .text._vfiprintf_r
                0x02005624     0x16d8 /opt/devkitpro/devkitARM/lib/gcc/arm-none-eabi/16.1.0/../../../../arm-none-eabi/lib/thumb/libg.a(libc_a-vfiprintf.o)
                0x02005624                _vfiprintf_r
 .text.__sbprintf
                0x02006cfc       0x7c /opt/devkitpro/devkitARM/lib/gcc/arm-none-eabi/16.1.0/../../../../arm-none-eabi/lib/thumb/libg.a(libc_a-vfiprintf.o)
 .text.strlen   0x02006d78       0x60 /opt/devkitpro/devkitARM/lib/gcc/arm-none-eabi/16.1.0/../../../../arm-none-eabi/lib/thumb/libg.a(libc_a-strlen.o)
                0x02006d78                strlen
 .text._fwalk_sglue
                0x02006dd8       0x4c /opt/devkitpro/devkitARM/lib/gcc/arm-none-eabi/16.1.0/../../../../arm-none-eabi/lib/thumb/libg.a(libc_a-fwalk.o)
                0x02006dd8                _fwalk_sglue
 .text._wcrtomb_r
                0x02006e24       0x88 /opt/devkitpro/devkitARM/lib/gcc/arm-none-eabi/16.1.0/../../../../arm-none-eabi/lib/thumb/libg.a(libc_a-wcrtomb.o)
                0x02006e24                _wcrtomb_r
 .text._memalign_r
                0x02006eac      0x118 /opt/devkitpro/devkitARM/lib/gcc/arm-none-eabi/16.1.0/../../../../arm-none-eabi/lib/thumb/libg.a(libc_a-malignr.o)
                0x02006eac                _memalign_r
 .text.__smakebuf_r
                0x02006fc4       0xe0 /opt/devkitpro/devkitARM/lib/gcc/arm-none-eabi/16.1.0/../../../../arm-none-eabi/lib/thumb/libg.a(libc_a-makebuf.o)
                0x02006fc4                __smakebuf_r
 .text.__swhatbuf_r
                0x020070a4       0x5c /opt/devkitpro/devkitARM/lib/gcc/arm-none-eabi/16.1.0/../../../../arm-none-eabi/lib/thumb/libg.a(libc_a-makebuf.o)
                0x020070a4                __swhatbuf_r
 .text.__locale_mb_cur_max
                0x02007100       0x20 /opt/devkitpro/devkitARM/lib/gcc/arm-none-eabi/16.1.0/../../../../arm-none-eabi/lib/thumb/libg.a(libc_a-locale.o)
                0x02007100                __locale_mb_cur_max
 .text.__sflush_r
                0x02007120      0x180 /opt/devkitpro/devkitARM/lib/gcc/arm-none-eabi/16.1.0/../../../../arm-none-eabi/lib/thumb/libg.a(libc_a-fflush.o)
                0x02007120                __sflush_r
 .text._fflush_r
                0x020072a0       0x70 /opt/devkitpro/devkitARM/lib/gcc/arm-none-eabi/16.1.0/../../../../arm-none-eabi/lib/thumb/libg.a(libc_a-fflush.o)
                0x020072a0                _fflush_r
 .text.__sprint_r
                0x02007310       0x24 /opt/devkitpro/devkitARM/lib/gcc/arm-none-eabi/16.1.0/../../../../arm-none-eabi/lib/thumb/libg.a(libc_a-sprint_r.o)
                0x02007310                __sprint_r
 .text.get_arg  0x02007334       0x3e /opt/devkitpro/devkitARM/lib/gcc/arm-none-eabi/16.1.0/../../../../arm-none-eabi/lib/thumb/libg.a(libc_a-svfiscanf.o)
 .text._sungetc_r
                0x02007372       0x7e /opt/devkitpro/devkitARM/lib/gcc/arm-none-eabi/16.1.0/../../../../arm-none-eabi/lib/thumb/libg.a(libc_a-svfiscanf.o)
                0x02007372                _sungetc_r
 .text.__ssrefill_r
                0x020073f0       0x42 /opt/devkitpro/devkitARM/lib/gcc/arm-none-eabi/16.1.0/../../../../arm-none-eabi/lib/thumb/libg.a(libc_a-svfiscanf.o)
                0x020073f0                __ssrefill_r
 .text._sfread_r
                0x02007432       0x88 /opt/devkitpro/devkitARM/lib/gcc/arm-none-eabi/16.1.0/../../../../arm-none-eabi/lib/thumb/libg.a(libc_a-svfiscanf.o)
                0x02007432                _sfread_r
 *fill*         0x020074ba        0x2 ff
 .text.__ssvfiscanf_r
                0x020074bc     0x19d8 /opt/devkitpro/devkitARM/lib/gcc/arm-none-eabi/16.1.0/../../../../arm-none-eabi/lib/thumb/libg.a(libc_a-svfiscanf.o)
                0x020074bc                __ssvfiscanf_r
 .text._strtol_l.part.0
                0x02008e94      0x25c /opt/devkitpro/devkitARM/lib/gcc/arm-none-eabi/16.1.0/../../../../arm-none-eabi/lib/thumb/libg.a(libc_a-strtol.o)
 .text._strtol_r
                0x020090f0       0x34 /opt/devkitpro/devkitARM/lib/gcc/arm-none-eabi/16.1.0/../../../../arm-none-eabi/lib/thumb/libg.a(libc_a-strtol.o)
                0x020090f0                _strtol_r
 .text.strncpy  0x02009124       0x68 /opt/devkitpro/devkitARM/lib/gcc/arm-none-eabi/16.1.0/../../../../arm-none-eabi/lib/thumb/libg.a(libc_a-strncpy.o)
                0x02009124                strncpy
 .text.memchr   0x0200918c       0x74 /opt/devkitpro/devkitARM/lib/gcc/arm-none-eabi/16.1.0/../../../../arm-none-eabi/lib/thumb/libg.a(libc_a-memchr-stub.o)
                0x0200918c                memchr
 .text._wcsrtombs_r
                0x02009200       0x20 /opt/devkitpro/devkitARM/lib/gcc/arm-none-eabi/16.1.0/../../../../arm-none-eabi/lib/thumb/libg.a(libc_a-wcsrtombs.o)
                0x02009200                _wcsrtombs_r
 .text.__swsetup_r
                0x02009220       0xd4 /opt/devkitpro/devkitARM/lib/gcc/arm-none-eabi/16.1.0/../../../../arm-none-eabi/lib/thumb/libg.a(libc_a-wsetup.o)
                0x02009220                __swsetup_r
 .text._localeconv_r
                0x020092f4       0x20 /opt/devkitpro/devkitARM/lib/gcc/arm-none-eabi/16.1.0/../../../../arm-none-eabi/lib/thumb/libg.a(libc_a-localeconv.o)
                0x020092f4                _localeconv_r
 .text.__utf8_wctomb
                0x02009314       0xbc /opt/devkitpro/devkitARM/lib/gcc/arm-none-eabi/16.1.0/../../../../arm-none-eabi/lib/thumb/libg.a(libc_a-wctomb_r.o)
                0x02009314                __utf8_wctomb
 .text._wcsnrtombs_l
                0x020093d0      0x120 /opt/devkitpro/devkitARM/lib/gcc/arm-none-eabi/16.1.0/../../../../arm-none-eabi/lib/thumb/libg.a(libc_a-wcsnrtombs.o)
                0x020093d0                _wcsnrtombs_l
 .text._wcsnrtombs_r
                0x020094f0       0x40 /opt/devkitpro/devkitARM/lib/gcc/arm-none-eabi/16.1.0/../../../../arm-none-eabi/lib/thumb/libg.a(libc_a-wcsnrtombs.o)
                0x020094f0                _wcsnrtombs_r
 .text.iswspace
                0x02009530       0x10 /opt/devkitpro/devkitARM/lib/gcc/arm-none-eabi/16.1.0/../../../../arm-none-eabi/lib/thumb/libg.a(libc_a-iswspace.o)
                0x02009530                iswspace
 .text._strtoull_l.isra.0
                0x02009540      0x1c0 /opt/devkitpro/devkitARM/lib/gcc/arm-none-eabi/16.1.0/../../../../arm-none-eabi/lib/thumb/libg.a(libc_a-strtoull.o)
 .text._strtoull_r
                0x02009700       0x20 /opt/devkitpro/devkitARM/lib/gcc/arm-none-eabi/16.1.0/../../../../arm-none-eabi/lib/thumb/libg.a(libc_a-strtoull.o)
                0x02009700                _strtoull_r
 .text._strtoul_l.isra.0
                0x02009720      0x150 /opt/devkitpro/devkitARM/lib/gcc/arm-none-eabi/16.1.0/../../../../arm-none-eabi/lib/thumb/libg.a(libc_a-strtoul.o)
 .text._strtoul_r
                0x02009870       0x20 /opt/devkitpro/devkitARM/lib/gcc/arm-none-eabi/16.1.0/../../../../arm-none-eabi/lib/thumb/libg.a(libc_a-strtoul.o)
                0x02009870                _strtoul_r
 .text.__submore
                0x02009890       0x7c /opt/devkitpro/devkitARM/lib/gcc/arm-none-eabi/16.1.0/../../../../arm-none-eabi/lib/thumb/libg.a(libc_a-ungetc.o)
                0x02009890                __submore
 .text.__utf8_mbtowc
                0x0200990c      0x24c /opt/devkitpro/devkitARM/lib/gcc/arm-none-eabi/16.1.0/../../../../arm-none-eabi/lib/thumb/libg.a(libc_a-mbtowc_r.o)
                0x0200990c                __utf8_mbtowc
 .text._mbrtowc_r
                0x02009b58       0x9c /opt/devkitpro/devkitARM/lib/gcc/arm-none-eabi/16.1.0/../../../../arm-none-eabi/lib/thumb/libg.a(libc_a-mbrtowc.o)
                0x02009b58                _mbrtowc_r
 .text.__sfvwrite_r
                0x02009bf4      0x31c /opt/devkitpro/devkitARM/lib/gcc/arm-none-eabi/16.1.0/../../../../arm-none-eabi/lib/thumb/libg.a(libc_a-fvwrite.o)
                0x02009bf4                __sfvwrite_r
 .text.__sccl   0x02009f10       0xb0 /opt/devkitpro/devkitARM/lib/gcc/arm-none-eabi/16.1.0/../../../../arm-none-eabi/lib/thumb/libg.a(libc_a-sccl.o)
                0x02009f10                __sccl
 .text._strtoll_l.isra.0
                0x02009fc0      0x300 /opt/devkitpro/devkitARM/lib/gcc/arm-none-eabi/16.1.0/../../../../arm-none-eabi/lib/thumb/libg.a(libc_a-strtoll.o)
 .text._strtoll_r
                0x0200a2c0       0x20 /opt/devkitpro/devkitARM/lib/gcc/arm-none-eabi/16.1.0/../../../../arm-none-eabi/lib/thumb/libg.a(libc_a-strtoll.o)
                0x0200a2c0                _strtoll_r
 .text.realloc  0x0200a2e0       0x18 /opt/devkitpro/devkitARM/lib/gcc/arm-none-eabi/16.1.0/../../../../arm-none-eabi/lib/thumb/libg.a(libc_a-realloc.o)
                0x0200a2e0                realloc
 .text.memmove  0x0200a2f8      0x108 /opt/devkitpro/devkitARM/lib/gcc/arm-none-eabi/16.1.0/../../../../arm-none-eabi/lib/thumb/libg.a(libc_a-memmove.o)
                0x0200a2f8                memmove
 .text._realloc_r
                0x0200a400      0x344 /opt/devkitpro/devkitARM/lib/gcc/arm-none-eabi/16.1.0/../../../../arm-none-eabi/lib/thumb/libg.a(libc_a-reallocr.o)
                0x0200a400                _realloc_r
 .text.iswspace_l
                0x0200a744       0x28 /opt/devkitpro/devkitARM/lib/gcc/arm-none-eabi/16.1.0/../../../../arm-none-eabi/lib/thumb/libg.a(libc_a-iswspace_l.o)
                0x0200a744                iswspace_l
 .text.category
                0x0200a76c       0x5c /opt/devkitpro/devkitARM/lib/gcc/arm-none-eabi/16.1.0/../../../../arm-none-eabi/lib/thumb/libg.a(libc_a-categories.o)
                0x0200a76c                category
 .text._exit    0x0200a7c8       0x14 /opt/devkitpro/devkitARM/lib/gcc/arm-none-eabi/16.1.0/../../../../arm-none-eabi/lib/thumb/libsysbase.a(libsysbase_libsysbase_a-_exit.o)
                0x0200a7c8                _exit
 .text._fstat_r
                0x0200a7dc       0x5c /opt/devkitpro/devkitARM/lib/gcc/arm-none-eabi/16.1.0/../../../../arm-none-eabi/lib/thumb/libsysbase.a(libsysbase_libsysbase_a-fstat.o)
                0x0200a7dc                _fstat_r
 .text.__getreent
                0x0200a838       0x20 /opt/devkitpro/devkitARM/lib/gcc/arm-none-eabi/16.1.0/../../../../arm-none-eabi/lib/thumb/libsysbase.a(libsysbase_libsysbase_a-getreent.o)
                0x0200a838                __getreent
 .text.__get_handle
                0x0200a858       0x34 /opt/devkitpro/devkitARM/lib/gcc/arm-none-eabi/16.1.0/../../../../arm-none-eabi/lib/thumb/libsysbase.a(libsysbase_libsysbase_a-handle_manager.o)
                0x0200a858                __get_handle
 .text._close_r
                0x0200a88c       0xb0 /opt/devkitpro/devkitARM/lib/gcc/arm-none-eabi/16.1.0/../../../../arm-none-eabi/lib/thumb/libsysbase.a(libsysbase_libsysbase_a-handle_manager.o)
                0x0200a88c                _close_r
 .text.null_write
                0x0200a93c        0x4 /opt/devkitpro/devkitARM/lib/gcc/arm-none-eabi/16.1.0/../../../../arm-none-eabi/lib/thumb/libsysbase.a(libsysbase_libsysbase_a-iosupport.o)
 .text._isatty_r
                0x0200a940        0x4 /opt/devkitpro/devkitARM/lib/gcc/arm-none-eabi/16.1.0/../../../../arm-none-eabi/lib/thumb/libsysbase.a(libsysbase_libsysbase_a-isatty.o)
                0x0200a940                _isatty_r
 .text._lseek_r
                0x0200a944       0x64 /opt/devkitpro/devkitARM/lib/gcc/arm-none-eabi/16.1.0/../../../../arm-none-eabi/lib/thumb/libsysbase.a(libsysbase_libsysbase_a-lseek.o)
                0x0200a944                _lseek_r
 .text._read_r  0x0200a9a8       0x5c /opt/devkitpro/devkitARM/lib/gcc/arm-none-eabi/16.1.0/../../../../arm-none-eabi/lib/thumb/libsysbase.a(libsysbase_libsysbase_a-read.o)
                0x0200a9a8                _read_r
 .text._sbrk_r  0x0200aa04       0x50 /opt/devkitpro/devkitARM/lib/gcc/arm-none-eabi/16.1.0/../../../../arm-none-eabi/lib/thumb/libsysbase.a(libsysbase_libsysbase_a-sbrk.o)
                0x0200aa04                _sbrk_r
 .text.__libc_lock_acquire
                0x0200aa54       0x18 /opt/devkitpro/devkitARM/lib/gcc/arm-none-eabi/16.1.0/../../../../arm-none-eabi/lib/thumb/libsysbase.a(libsysbase_libsysbase_a-syscall_support.o)
                0x0200aa54                __libc_lock_acquire
 .text.__libc_lock_release
                0x0200aa6c       0x18 /opt/devkitpro/devkitARM/lib/gcc/arm-none-eabi/16.1.0/../../../../arm-none-eabi/lib/thumb/libsysbase.a(libsysbase_libsysbase_a-syscall_support.o)
                0x0200aa6c                __libc_lock_release
 .text.__libc_lock_acquire_recursive
                0x0200aa84       0x18 /opt/devkitpro/devkitARM/lib/gcc/arm-none-eabi/16.1.0/../../../../arm-none-eabi/lib/thumb/libsysbase.a(libsysbase_libsysbase_a-syscall_support.o)
                0x0200aa84                __libc_lock_acquire_recursive
 .text.__libc_lock_release_recursive
                0x0200aa9c       0x18 /opt/devkitpro/devkitARM/lib/gcc/arm-none-eabi/16.1.0/../../../../arm-none-eabi/lib/thumb/libsysbase.a(libsysbase_libsysbase_a-syscall_support.o)
                0x0200aa9c                __libc_lock_release_recursive
 .text._write_r
                0x0200aab4       0x5c /opt/devkitpro/devkitARM/lib/gcc/arm-none-eabi/16.1.0/../../../../arm-none-eabi/lib/thumb/libsysbase.a(libsysbase_libsysbase_a-write.o)
                0x0200aab4                _write_r
 .text          0x0200ab10       0x14 /opt/devkitpro/devkitARM/lib/gcc/arm-none-eabi/16.1.0/thumb/libgcc.a(_thumb1_case_uqi.o)
                0x0200ab10                __gnu_thumb1_case_uqi
 .text          0x0200ab24       0x14 /opt/devkitpro/devkitARM/lib/gcc/arm-none-eabi/16.1.0/thumb/libgcc.a(_thumb1_case_uhi.o)
                0x0200ab24                __gnu_thumb1_case_uhi
 .text          0x0200ab38      0x11c /opt/devkitpro/devkitARM/lib/gcc/arm-none-eabi/16.1.0/thumb/libgcc.a(_udivsi3.o)
                0x0200ab38                __udivsi3
                0x0200ab38                __aeabi_uidiv
                0x0200ac34                __aeabi_uidivmod
 .text.__muldi3
                0x0200ac54       0x58 /opt/devkitpro/devkitARM/lib/gcc/arm-none-eabi/16.1.0/thumb/libgcc.a(_muldi3.o)
                0x0200ac54                __aeabi_lmul
                0x0200ac54                __muldi3
 EXCLUDE_FILE(*.twl.*) *(.glue_7t .glue_7 .vfp11_veneer .v4_bx)
 .glue_7        0x0200acac        0x0 linker stubs
 .glue_7t       0x0200acac        0x0 linker stubs
 .vfp11_veneer  0x0200acac        0x0 linker stubs
 .v4_bx         0x0200acac        0x0 linker stubs
 *(SORT_NONE(.fini))
 .fini          0x0200acac        0x4 /opt/devkitpro/devkitARM/lib/gcc/arm-none-eabi/16.1.0/thumb/crti.o
                0x0200acac                _fini
 .fini          0x0200acb0        0x8 /opt/devkitpro/devkitARM/lib/gcc/arm-none-eabi/16.1.0/thumb/crtn.o
 .fini.__stub   0x0200acb8       0x10 linker stubs
 EXCLUDE_FILE(*.twl.*) *(.rodata .rodata.* .gnu.linkonce.r.*)
 .rodata.str1.4
                0x0200acc8      0x2d4 main.o
                                0x237 (size before relaxing)
 .rodata        0x0200af9c       0x54 main.o
 .rodata.con_write.str1.4
                0x0200aff0        0x0 /opt/devkitpro/libnds/lib/libnds9.a(console.o)
                                 0x30 (size before relaxing)
 .rodata.con_write
                0x0200aff0       0xd4 /opt/devkitpro/libnds/lib/libnds9.a(console.o)
 .rodata.consoleClear.str1.4
                0x0200b0c4        0x0 /opt/devkitpro/libnds/lib/libnds9.a(console.o)
                                  0x5 (size before relaxing)
 .rodata.str1.4
                0x0200b0c4        0x0 /opt/devkitpro/libnds/lib/libnds9.a(console.o)
                                 0x14 (size before relaxing)
 .rodata.dotab_stdout
                0x0200b0c4       0x80 /opt/devkitpro/libnds/lib/libnds9.a(console.o)
 .rodata.default_font_bin
                0x0200b144      0x800 /opt/devkitpro/libnds/lib/libnds9.a(default_font.bin.o)
                0x0200b144                default_font_bin
                0x0200b944                default_font_bin_end
 .rodata.SIN_LUT
                0x0200b944      0x102 /opt/devkitpro/libnds/lib/libnds9.a(trig.o)
                0x0200b944                SIN_LUT
 .rodata._vfiprintf_r.str1.1
                0x0200ba46       0x29 /opt/devkitpro/devkitARM/lib/gcc/arm-none-eabi/16.1.0/../../../../arm-none-eabi/lib/thumb/libg.a(libc_a-vfiprintf.o)
 *fill*         0x0200ba6f        0x1 ff
 .rodata.zeroes.0
                0x0200ba70       0x10 /opt/devkitpro/devkitARM/lib/gcc/arm-none-eabi/16.1.0/../../../../arm-none-eabi/lib/thumb/libg.a(libc_a-vfiprintf.o)
 .rodata.blanks.1
                0x0200ba80       0x10 /opt/devkitpro/devkitARM/lib/gcc/arm-none-eabi/16.1.0/../../../../arm-none-eabi/lib/thumb/libg.a(libc_a-vfiprintf.o)
 .rodata.__action_table
                0x0200ba90       0x6c /opt/devkitpro/devkitARM/lib/gcc/arm-none-eabi/16.1.0/../../../../arm-none-eabi/lib/thumb/libg.a(libc_a-svfiprintf.o)
                0x0200ba90                __action_table
 .rodata.__state_table
                0x0200bafc       0x6c /opt/devkitpro/devkitARM/lib/gcc/arm-none-eabi/16.1.0/../../../../arm-none-eabi/lib/thumb/libg.a(libc_a-svfiprintf.o)
                0x0200bafc                __state_table
 .rodata.__chclass
                0x0200bb68      0x100 /opt/devkitpro/devkitARM/lib/gcc/arm-none-eabi/16.1.0/../../../../arm-none-eabi/lib/thumb/libg.a(libc_a-svfiprintf.o)
                0x0200bb68                __chclass
 .rodata.str1.4
                0x0200bc68        0x0 /opt/devkitpro/devkitARM/lib/gcc/arm-none-eabi/16.1.0/../../../../arm-none-eabi/lib/thumb/libg.a(libc_a-locale.o)
                                 0x4c (size before relaxing)
 .rodata.basefix.0
                0x0200bc68       0x22 /opt/devkitpro/devkitARM/lib/gcc/arm-none-eabi/16.1.0/../../../../arm-none-eabi/lib/thumb/libg.a(libc_a-svfiscanf.o)
 *fill*         0x0200bc8a        0x2 ff
 .rodata._ctype_
                0x0200bc8c      0x101 /opt/devkitpro/devkitARM/lib/gcc/arm-none-eabi/16.1.0/../../../../arm-none-eabi/lib/thumb/libg.a(libc_a-ctype_.o)
                0x0200bc8c                _ctype_
 .rodata._mbrtowc_r.str1.4
                0x0200bd8d        0x0 /opt/devkitpro/devkitARM/lib/gcc/arm-none-eabi/16.1.0/../../../../arm-none-eabi/lib/thumb/libg.a(libc_a-mbrtowc.o)
                                  0x1 (size before relaxing)
 *fill*         0x0200bd8d        0x3 ff
 .rodata.categories
                0x0200bd90     0x37f8 /opt/devkitpro/devkitARM/lib/gcc/arm-none-eabi/16.1.0/../../../../arm-none-eabi/lib/thumb/libg.a(libc_a-categories.o)
 .rodata.str1.4
                0x0200f588        0x0 /opt/devkitpro/devkitARM/lib/gcc/arm-none-eabi/16.1.0/../../../../arm-none-eabi/lib/thumb/libsysbase.a(libsysbase_libsysbase_a-iosupport.o)
                                  0x8 (size before relaxing)
 .rodata.dotab_stdnull
                0x0200f588       0x80 /opt/devkitpro/devkitARM/lib/gcc/arm-none-eabi/16.1.0/../../../../arm-none-eabi/lib/thumb/libsysbase.a(libsysbase_libsysbase_a-iosupport.o)
                0x0200f588                dotab_stdnull
 EXCLUDE_FILE(*.twl.*) *(.rodata1)
                0x0200f608                        . = ALIGN (0x4)

.main.rw        0x0200f608     0x19f0 load address 0x02013604
 EXCLUDE_FILE(*.twl.*) *(.data .data.* .gnu.linkonce.d.*)
 .data.firstConsoleInit.0
                0x0200f608        0x1 /opt/devkitpro/libnds/lib/libnds9.a(console.o)
 *fill*         0x0200f609        0x3 ff
 .data.currentConsole
                0x0200f60c        0x4 /opt/devkitpro/libnds/lib/libnds9.a(console.o)
                0x0200f60c                currentConsole
 .data.defaultConsole
                0x0200f610       0x5c /opt/devkitpro/libnds/lib/libnds9.a(console.o)
                0x0200f610                defaultConsole
 .data.count    0x0200f66c        0x1 /opt/devkitpro/libnds/lib/libnds9.a(keys.o)
 .data.repeat   0x0200f66d        0x1 /opt/devkitpro/libnds/lib/libnds9.a(keys.o)
 .data.delay    0x0200f66e        0x1 /opt/devkitpro/libnds/lib/libnds9.a(keys.o)
 *fill*         0x0200f66f        0x1 ff
 .data.bgTransform
                0x0200f670       0x20 /opt/devkitpro/libnds/lib/libnds9.a(background.o)
                0x0200f670                bgTransform
 .data.bgScrollTable
                0x0200f690       0x20 /opt/devkitpro/libnds/lib/libnds9.a(background.o)
                0x0200f690                bgScrollTable
 .data.bgControl
                0x0200f6b0       0x20 /opt/devkitpro/libnds/lib/libnds9.a(background.o)
                0x0200f6b0                bgControl
 .data.__malloc_sbrk_base
                0x0200f6d0        0x4 /opt/devkitpro/devkitARM/lib/gcc/arm-none-eabi/16.1.0/../../../../arm-none-eabi/lib/thumb/libg.a(libc_a-mallocr.o)
                0x0200f6d0                __malloc_sbrk_base
 .data.__malloc_trim_threshold
                0x0200f6d4        0x4 /opt/devkitpro/devkitARM/lib/gcc/arm-none-eabi/16.1.0/../../../../arm-none-eabi/lib/thumb/libg.a(libc_a-mallocr.o)
                0x0200f6d4                __malloc_trim_threshold
 .data.__malloc_av_
                0x0200f6d8      0x408 /opt/devkitpro/devkitARM/lib/gcc/arm-none-eabi/16.1.0/../../../../arm-none-eabi/lib/thumb/libg.a(libc_a-mallocr.o)
                0x0200f6d8                __malloc_av_
 .data.__sglue  0x0200fae0        0xc /opt/devkitpro/devkitARM/lib/gcc/arm-none-eabi/16.1.0/../../../../arm-none-eabi/lib/thumb/libg.a(libc_a-findfp.o)
                0x0200fae0                __sglue
 .data._impure_ptr
                0x0200faec        0x4 /opt/devkitpro/devkitARM/lib/gcc/arm-none-eabi/16.1.0/../../../../arm-none-eabi/lib/thumb/libg.a(libc_a-impure.o)
                0x0200faec                _impure_ptr
 .data._impure_data
                0x0200faf0      0x200 /opt/devkitpro/devkitARM/lib/gcc/arm-none-eabi/16.1.0/../../../../arm-none-eabi/lib/thumb/libg.a(libc_a-impure.o)
                0x0200faf0                _impure_data
 .data.__global_locale
                0x0200fcf0      0x254 /opt/devkitpro/devkitARM/lib/gcc/arm-none-eabi/16.1.0/../../../../arm-none-eabi/lib/thumb/libg.a(libc_a-locale.o)
                0x0200fcf0                __global_locale
 *fill*         0x0200ff44        0x4 ff
 .data.handles  0x0200ff48     0x1000 /opt/devkitpro/devkitARM/lib/gcc/arm-none-eabi/16.1.0/../../../../arm-none-eabi/lib/thumb/libsysbase.a(libsysbase_libsysbase_a-handle_manager.o)
 .data.__stderr_handle
                0x02010f48        0xc /opt/devkitpro/devkitARM/lib/gcc/arm-none-eabi/16.1.0/../../../../arm-none-eabi/lib/thumb/libsysbase.a(libsysbase_libsysbase_a-handle_manager.o)
 .data.__stdout_handle
                0x02010f54        0xc /opt/devkitpro/devkitARM/lib/gcc/arm-none-eabi/16.1.0/../../../../arm-none-eabi/lib/thumb/libsysbase.a(libsysbase_libsysbase_a-handle_manager.o)
 .data.__stdin_handle
                0x02010f60        0xc /opt/devkitpro/devkitARM/lib/gcc/arm-none-eabi/16.1.0/../../../../arm-none-eabi/lib/thumb/libsysbase.a(libsysbase_libsysbase_a-handle_manager.o)
 .data.devoptab_list
                0x02010f6c       0x8c /opt/devkitpro/devkitARM/lib/gcc/arm-none-eabi/16.1.0/../../../../arm-none-eabi/lib/thumb/libsysbase.a(libsysbase_libsysbase_a-iosupport.o)
                0x02010f6c                devoptab_list
 EXCLUDE_FILE(*.twl.*) *(.data1)
 EXCLUDE_FILE(*.twl.*) *(.igot.plt)
 .igot.plt      0x02010ff8        0x0 /opt/devkitpro/devkitARM/lib/gcc/arm-none-eabi/16.1.0/thumb/crtbegin.o
                0x02010ff8                        . = ALIGN (0x4)

.ARM.extab
 *(.ARM.extab* .gnu.linkonce.armextab.*)

.ARM.exidx      0x02010ff8        0x0 load address 0x02014ff4
 *(.ARM.exidx* .gnu.linkonce.armexidx.*)
                [!provide]                        PROVIDE (__exidx_start = ADDR (.ARM.exidx))
                [!provide]                        PROVIDE (__exidx_end = (ADDR (.ARM.exidx) + SIZEOF (.ARM.exidx)))

.eh_frame_hdr
 *(.eh_frame_hdr)
 *(.eh_frame_entry .eh_frame_entry.*)

.eh_frame       0x02010ff8        0x4 load address 0x02014ff4
 *(.eh_frame)
 .eh_frame      0x02010ff8        0x0 /opt/devkitpro/devkitARM/lib/gcc/arm-none-eabi/16.1.0/thumb/crtbegin.o
 .eh_frame      0x02010ff8        0x4 /opt/devkitpro/devkitARM/lib/gcc/arm-none-eabi/16.1.0/thumb/crtend.o
 *(.eh_frame.*)

.gcc_except_table
 *(.gcc_except_table .gcc_except_table.*)

.gnu_extab
 *(.gnu_extab*)

.tinfo          0x02010ffc        0xc load address 0x02014ff8
                0x02010ffc        0x4 LONG 0x2011010 __tls_start
                0x02011000        0x4 LONG 0x0 SIZEOF (.main.tls)
                0x02011004        0x4 LONG 0x0 SIZEOF (.tdata)
                0x02010ffc                        PROVIDE (__tls_info = ADDR (.tinfo))

.preinit_array  0x02011008        0x0 load address 0x02015004
                0x02011008                        PROVIDE (__preinit_array_start = .)
 *(.preinit_array)
                0x02011008                        PROVIDE (__preinit_array_end = .)

.init_array     0x02011008        0x4 load address 0x02015004
                0x02011008                        PROVIDE (__init_array_start = .)
 *(SORT_BY_INIT_PRIORITY(.init_array.*) SORT_BY_INIT_PRIORITY(.ctors.*))
 *(.init_array .ctors)
 .init_array    0x02011008        0x4 /opt/devkitpro/devkitARM/lib/gcc/arm-none-eabi/16.1.0/thumb/crtbegin.o
                0x0201100c                        PROVIDE (__init_array_end = .)

.fini_array     0x0201100c        0x4 load address 0x02015008
                0x0201100c                        PROVIDE (__fini_array_start = .)
 *(SORT_BY_INIT_PRIORITY(.fini_array.*) SORT_BY_INIT_PRIORITY(.dtors.*))
 *(.fini_array .dtors)
 .fini_array    0x0201100c        0x4 /opt/devkitpro/devkitARM/lib/gcc/arm-none-eabi/16.1.0/thumb/crtbegin.o
                0x02011010                        PROVIDE (__fini_array_end = .)
                [!provide]                        PROVIDE (__main_lma = LOADADDR (.main))
                0x020013c0                        PROVIDE (__main_start = ADDR (.main))
                0x02011010                        PROVIDE (__main_end = (ADDR (.fini_array) + SIZEOF (.fini_array)))

.tdata          0x00000000        0x0 load address 0x0201500c
 *(.tdata .tdata.* .gnu.linkonce.td.*)
                0x00000000                        . = ALIGN (0x4)

.tbss           0x00000000        0x0 load address 0x0201500c
 *(.tbss .tbss.* .gnu.linkonce.tb.*)
 *(.tcommon)
                0x00000000                        . = ALIGN (0x4)
                0x00000001                        ASSERT (((ALIGNOF (.tdata) <= 0x8) || (ALIGNOF (.tbss) <= 0x8)), Error: TLS is overaligned (up to 8-byte alignment is supported))
                0x00000001                        ASSERT (((ADDR (.tbss) + SIZEOF (.tbss)) <= (ORIGIN (tls) + LENGTH (tls))), Error: TLS section too large)

.main.tls       0x02011010        0x0
                0x02011010                        . = (. + ((ADDR (.tbss) + SIZEOF (.tbss)) - ADDR (.tdata)))
                [!provide]                        PROVIDE (__tls_lma = LOADADDR (.tdata))
                0x02011010                        PROVIDE (__tls_start = ADDR (.main.tls))
                0x02011010                        PROVIDE (__tls_end = (ADDR (.main.tls) + SIZEOF (.tdata)))

.main.bss       0x02011010      0x9e8
 EXCLUDE_FILE(*.twl.*) *(.dynbss)
 EXCLUDE_FILE(*.twl.*) *(.bss .bss.* .gnu.linkonce.b.*)
 .bss.completed.1
                0x02011010        0x1 /opt/devkitpro/devkitARM/lib/gcc/arm-none-eabi/16.1.0/thumb/crtbegin.o
 *fill*         0x02011011        0x3 
 .bss.object.0  0x02011014       0x18 /opt/devkitpro/devkitARM/lib/gcc/arm-none-eabi/16.1.0/thumb/crtbegin.o
 .bss           0x0201102c       0xc4 main.o
 .bss.currentCopy
                0x020110f0       0x5c /opt/devkitpro/libnds/lib/libnds9.a(console.o)
                0x020110f0                currentCopy
 .bss.keysrepeat
                0x0201114c        0x2 /opt/devkitpro/libnds/lib/libnds9.a(keys.o)
 *fill*         0x0201114e        0x2 
 .bss.s_keypad  0x02011150        0x4 /opt/devkitpro/libnds/lib/libnds9.a(keys.o)
 .bss.tickRef   0x02011154        0x4 /opt/devkitpro/libnds/lib/libnds9.a(timers.o)
 .bss.bgIsTextLut
                0x02011158        0x8 /opt/devkitpro/libnds/lib/libnds9.a(background.o)
                0x02011158                bgIsTextLut
 .bss.bgState   0x02011160      0x140 /opt/devkitpro/libnds/lib/libnds9.a(background.o)
                0x02011160                bgState
 .bss.s_firstTask
                0x020112a0        0x4 /opt/devkitpro/calico/lib/libcalico_ds9.a(tick.o)
 *fill*         0x020112a4        0x4 
 .bss.s_highTickCount
                0x020112a8        0x8 /opt/devkitpro/calico/lib/libcalico_ds9.a(tick.o)
 .bss.s_tickInit
                0x020112b0        0x1 /opt/devkitpro/calico/lib/libcalico_ds9.a(tick.o)
 *fill*         0x020112b1        0x3 
 .bss.s_sleepThreads
                0x020112b4        0x8 /opt/devkitpro/calico/lib/libcalico_ds9.a(thread_cold.o)
 .bss.s_joinThreads
                0x020112bc        0x8 /opt/devkitpro/calico/lib/libcalico_ds9.a(thread_cold.o)
 .bss.s_idleThread
                0x020112c4       0x70 /opt/devkitpro/calico/lib/libcalico_ds9.a(thread_cold.o)
 .bss.s_mainThread
                0x02011334       0x70 /opt/devkitpro/calico/lib/libcalico_ds9.a(thread_cold.o)
 .bss.s_defaultErrno.0
                0x020113a4        0x4 /opt/devkitpro/calico/lib/libcalico_ds9.a(newlib_syscalls.o)
 .bss.__stacksize__
                0x020113a8        0x4 /opt/devkitpro/calico/lib/libcalico_ds9.a(startup.crt0.o)
                0x020113a8                __stacksize__
 .bss.g_isTwlMode
                0x020113ac        0x1 /opt/devkitpro/calico/lib/libcalico_ds9.a(startup.crt0.o)
                0x020113ac                g_isTwlMode
 *fill*         0x020113ad        0x3 
 .bss.s_pxiChannels
                0x020113b0      0x1f0 /opt/devkitpro/calico/lib/libcalico_ds9.a(pxi.o)
 .bss.s_pxiRecvState
                0x020115a0        0x4 /opt/devkitpro/calico/lib/libcalico_ds9.a(pxi.o)
 .bss.s_pxiRecvQueue
                0x020115a4        0x8 /opt/devkitpro/calico/lib/libcalico_ds9.a(pxi.o)
 .bss.s_pxiSendMutex
                0x020115ac        0x4 /opt/devkitpro/calico/lib/libcalico_ds9.a(pxi.o)
 .bss.s_mailboxRecvQueue
                0x020115b0        0x8 /opt/devkitpro/calico/lib/libcalico_ds9.a(mailbox.o)
 .bss.s_pmPxiThreadStack
                0x020115b8      0x200 /opt/devkitpro/calico/lib/libcalico_ds9.a(pm.o)
 .bss.s_pmPxiThread
                0x020117b8       0x70 /opt/devkitpro/calico/lib/libcalico_ds9.a(pm.o)
 .bss.s_pmState
                0x02011828        0x8 /opt/devkitpro/calico/lib/libcalico_ds9.a(pm.o)
 .bss.__malloc_current_mallinfo
                0x02011830       0x28 /opt/devkitpro/devkitARM/lib/gcc/arm-none-eabi/16.1.0/../../../../arm-none-eabi/lib/thumb/libg.a(libc_a-mallocr.o)
                0x02011830                __malloc_current_mallinfo
 .bss.__malloc_max_total_mem
                0x02011858        0x4 /opt/devkitpro/devkitARM/lib/gcc/arm-none-eabi/16.1.0/../../../../arm-none-eabi/lib/thumb/libg.a(libc_a-mallocr.o)
                0x02011858                __malloc_max_total_mem
 .bss.__malloc_max_sbrked_mem
                0x0201185c        0x4 /opt/devkitpro/devkitARM/lib/gcc/arm-none-eabi/16.1.0/../../../../arm-none-eabi/lib/thumb/libg.a(libc_a-mallocr.o)
                0x0201185c                __malloc_max_sbrked_mem
 .bss.__malloc_top_pad
                0x02011860        0x4 /opt/devkitpro/devkitARM/lib/gcc/arm-none-eabi/16.1.0/../../../../arm-none-eabi/lib/thumb/libg.a(libc_a-mallocr.o)
                0x02011860                __malloc_top_pad
 .bss.__sfp_recursive_mutex
                0x02011864        0xc /opt/devkitpro/devkitARM/lib/gcc/arm-none-eabi/16.1.0/../../../../arm-none-eabi/lib/thumb/libg.a(libc_a-findfp.o)
 .bss.__sf      0x02011870      0x168 /opt/devkitpro/devkitARM/lib/gcc/arm-none-eabi/16.1.0/../../../../arm-none-eabi/lib/thumb/libg.a(libc_a-findfp.o)
                0x02011870                __sf
 .bss.__stdio_exit_handler
                0x020119d8        0x4 /opt/devkitpro/devkitARM/lib/gcc/arm-none-eabi/16.1.0/../../../../arm-none-eabi/lib/thumb/libg.a(libc_a-findfp.o)
                0x020119d8                __stdio_exit_handler
 .bss.__malloc_recursive_mutex
                0x020119dc        0xc /opt/devkitpro/devkitARM/lib/gcc/arm-none-eabi/16.1.0/../../../../arm-none-eabi/lib/thumb/libg.a(libc_a-mlock.o)
 .bss.__hndl_lock
                0x020119e8        0x4 /opt/devkitpro/devkitARM/lib/gcc/arm-none-eabi/16.1.0/../../../../arm-none-eabi/lib/thumb/libsysbase.a(libsysbase_libsysbase_a-handle_manager.o)
 .bss.fake_heap_start
                0x020119ec        0x4 /opt/devkitpro/devkitARM/lib/gcc/arm-none-eabi/16.1.0/../../../../arm-none-eabi/lib/thumb/libsysbase.a(libsysbase_libsysbase_a-malloc_vars.o)
                0x020119ec                fake_heap_start
 .bss.fake_heap_end
                0x020119f0        0x4 /opt/devkitpro/devkitARM/lib/gcc/arm-none-eabi/16.1.0/../../../../arm-none-eabi/lib/thumb/libsysbase.a(libsysbase_libsysbase_a-malloc_vars.o)
                0x020119f0                fake_heap_end
 .bss.heap_start.0
                0x020119f4        0x4 /opt/devkitpro/devkitARM/lib/gcc/arm-none-eabi/16.1.0/../../../../arm-none-eabi/lib/thumb/libsysbase.a(libsysbase_libsysbase_a-sbrk.o)
 EXCLUDE_FILE(*.twl.*) *(COMMON)
                0x020119f8                        . = ALIGN (0x4)
                [!provide]                        PROVIDE (__main_bss_start = ADDR (.main.bss))
                0x020119f8                        PROVIDE (__main_bss_end = (ADDR (.main.bss) + SIZEOF (.main.bss)))
                0x020119f8                        . = .
                0x020119f8                        PROVIDE (__heap_start_ntr = .)
                0x00000001                        ASSERT ((. <= 0x2380000), Error: DS-mode sections overflow DS ARM9 memory size (3.5 MB))

.twl            0x02011a00        0x0 load address 0x02400000
 *(.twl .twl.*)
 *.twl.*(.text .stub .text.* .gnu.linkonce.t.*)
 *.twl.*(.glue_7t .glue_7 .vfp11_veneer .v4_bx)
 *.twl.*(.rodata .rodata.* .gnu.linkonce.r.*)
 *.twl.*(.rodata1)
                0x02011a00                        . = ALIGN (0x4)

.twl.rw         0x02011a00        0x0 load address 0x02400000
 *.twl.*(.data .data.* .gnu.linkonce.d.*)
 *.twl.*(.data1)
                0x02011a00                        . = ALIGN (0x4)
                0x02400000                        PROVIDE (__twl_lma = LOADADDR (.twl))
                0x02011a00                        PROVIDE (__twl_start = ADDR (.twl))
                0x02011a00                        PROVIDE (__twl_end = (ADDR (.twl.rw) + SIZEOF (.twl.rw)))

.twl.bss        0x02011a00        0x0 load address 0x02400000
 *(.twl_bss .twl_bss.*)
 *.twl.*(.dynbss)
 *.twl.*(.bss .bss.* .gnu.linkonce.b.*)
 *.twl.*(COMMON)
                0x02011a00                        . = ALIGN (0x4)
                [!provide]                        PROVIDE (__twl_bss_start = ADDR (.twl.bss))
                0x02011a00                        PROVIDE (__twl_bss_end = (ADDR (.twl.bss) + SIZEOF (.twl.bss)))
                0x02011a00                        . = .
                0x02011a00                        PROVIDE (__heap_start_twl = .)

.loadlist       0x0e000998       0x30 load address 0x0201500c
                0x0e000998        0x4 LONG 0x1ff8000 __itcm_start
                0x0e00099c        0x4 LONG 0x1ff8664 __itcm_end
                0x0e0009a0        0x4 LONG 0x1ff8664 __itcm_end
                0x0e0009a4        0x4 LONG 0x2ff0000 __dtcm_start
                0x0e0009a8        0x4 LONG 0x2ff0000 __dtcm_end
                0x0e0009ac        0x4 LONG 0x2ff0098 __dtcm_bss_end
                0x0e0009b0        0x4 LONG 0x20013c0 __main_start
                0x0e0009b4        0x4 LONG 0x2011010 __main_end
                0x0e0009b8        0x4 LONG 0x2011010 __main_end
                0x0e0009bc        0x4 LONG 0x2011010 __tls_start
                0x0e0009c0        0x4 LONG 0x2011010 __tls_end
                0x0e0009c4        0x4 LONG 0x20119f8 __main_bss_end
                0x02004d58                        PROVIDE (__loadlist_lma = __itcm_lma)
                0x0201500c                        PROVIDE (__loadlist_start = LOADADDR (.loadlist))
                0x0201503c                        PROVIDE (__loadlist_end = (LOADADDR (.loadlist) + SIZEOF (.loadlist)))

.twl.loadlist   0x0e0009c8        0xc load address 0x02400000
                0x0e0009c8        0x4 LONG 0x2011a00 __twl_start
                0x0e0009cc        0x4 LONG 0x2011a00 __twl_end
                0x0e0009d0        0x4 LONG 0x2011a00 __twl_bss_end
                0x02400000                        PROVIDE (__twl_loadlist_lma = __twl_lma)
                0x02400000                        PROVIDE (__twl_loadlist_start = LOADADDR (.twl.loadlist))
                0x0240000c                        PROVIDE (__twl_loadlist_end = (LOADADDR (.twl.loadlist) + SIZEOF (.twl.loadlist)))

.rel.dyn        0x0e0009d4        0x0 load address 0x0240000c
 .rel.iplt      0x0e0009d4        0x0 /opt/devkitpro/devkitARM/lib/gcc/arm-none-eabi/16.1.0/thumb/crtbegin.o

.stab
 *(.stab)

.stabstr
 *(.stabstr)

.stab.excl
 *(.stab.excl)

.stab.exclstr
 *(.stab.exclstr)

.stab.index
 *(.stab.index)

.stab.indexstr
 *(.stab.indexstr)

.comment        0x00000000       0x30
 *(.comment)
 .comment       0x00000000       0x30 /opt/devkitpro/devkitARM/lib/gcc/arm-none-eabi/16.1.0/thumb/crtbegin.o
                                 0x19 (size before relaxing)
 .comment       0x00000030        0x0 main.o
                                 0x19 (size before relaxing)
 .comment       0x00000030        0x0 /opt/devkitpro/libnds/lib/libnds9.a(console.o)
                                 0x19 (size before relaxing)
 .comment       0x00000030        0x0 /opt/devkitpro/libnds/lib/libnds9.a(keys.o)
                                 0x19 (size before relaxing)
 .comment       0x00000030        0x0 /opt/devkitpro/libnds/lib/libnds9.a(timers.o)
                                 0x19 (size before relaxing)
 .comment       0x00000030        0x0 /opt/devkitpro/libnds/lib/libnds9.a(background.o)
                                 0x19 (size before relaxing)
 .comment       0x00000030        0x0 /opt/devkitpro/libnds/lib/libnds9.a(trig.o)
                                 0x19 (size before relaxing)
 .comment       0x00000030        0x0 /opt/devkitpro/calico/lib/libcalico_ds9.a(irq.o)
                                 0x19 (size before relaxing)
 .comment       0x00000030        0x0 /opt/devkitpro/calico/lib/libcalico_ds9.a(tick.o)
                                 0x19 (size before relaxing)
 .comment       0x00000030        0x0 /opt/devkitpro/calico/lib/libcalico_ds9.a(thread_cold.o)
                                 0x19 (size before relaxing)
 .comment       0x00000030        0x0 /opt/devkitpro/calico/lib/libcalico_ds9.a(thread_hot.32.o)
                                 0x19 (size before relaxing)
 .comment       0x00000030        0x0 /opt/devkitpro/calico/lib/libcalico_ds9.a(mutex.o)
                                 0x19 (size before relaxing)
 .comment       0x00000030        0x0 /opt/devkitpro/calico/lib/libcalico_ds9.a(arm-shims.32.o)
                                 0x19 (size before relaxing)
 .comment       0x00000030        0x0 /opt/devkitpro/calico/lib/libcalico_ds9.a(keypad.o)
                                 0x19 (size before relaxing)
 .comment       0x00000030        0x0 /opt/devkitpro/calico/lib/libcalico_ds9.a(touch.o)
                                 0x19 (size before relaxing)
 .comment       0x00000030        0x0 /opt/devkitpro/calico/lib/libcalico_ds9.a(newlib_syscalls.o)
                                 0x19 (size before relaxing)
 .comment       0x00000030        0x0 /opt/devkitpro/calico/lib/libcalico_ds9.a(startup.crt0.o)
                                 0x19 (size before relaxing)
 .comment       0x00000030        0x0 /opt/devkitpro/calico/lib/libcalico_ds9.a(pxi.o)
                                 0x19 (size before relaxing)
 .comment       0x00000030        0x0 /opt/devkitpro/calico/lib/libcalico_ds9.a(sys_startup.o)
                                 0x19 (size before relaxing)
 .comment       0x00000030        0x0 /opt/devkitpro/calico/lib/libcalico_ds9.a(mailbox.o)
                                 0x19 (size before relaxing)
 .comment       0x00000030        0x0 /opt/devkitpro/calico/lib/libcalico_ds9.a(pm.o)
                                 0x19 (size before relaxing)
 .comment       0x00000030        0x0 /opt/devkitpro/devkitARM/lib/gcc/arm-none-eabi/16.1.0/thumb/libgcc.a(_udivmoddi4.o)
                                 0x19 (size before relaxing)
 .comment       0x00000030        0x0 /opt/devkitpro/devkitARM/lib/gcc/arm-none-eabi/16.1.0/thumb/libgcc.a(_muldi3.o)
                                 0x19 (size before relaxing)
 .comment       0x00000030        0x0 /opt/devkitpro/devkitARM/lib/gcc/arm-none-eabi/16.1.0/thumb/crtend.o
                                 0x19 (size before relaxing)

.gnu.build.attributes
 *(.gnu.build.attributes .gnu.build.attributes.*)

.debug
 *(.debug)

.line
 *(.line)

.debug_srcinfo
 *(.debug_srcinfo)

.debug_sfnames
 *(.debug_sfnames)

.debug_aranges  0x00000000      0x8f8
 *(.debug_aranges)
 .debug_aranges
                0x00000000       0x28 main.o
 .debug_aranges
                0x00000028       0x80 /opt/devkitpro/libnds/lib/libnds9.a(console.o)
 .debug_aranges
                0x000000a8       0x50 /opt/devkitpro/libnds/lib/libnds9.a(keys.o)
 .debug_aranges
                0x000000f8       0x48 /opt/devkitpro/libnds/lib/libnds9.a(timers.o)
 .debug_aranges
                0x00000140       0x40 /opt/devkitpro/libnds/lib/libnds9.a(background.o)
 .debug_aranges
                0x00000180       0x60 /opt/devkitpro/libnds/lib/libnds9.a(trig.o)
 .debug_aranges
                0x000001e0       0x20 /opt/devkitpro/calico/lib/libcalico_ds9.a(irq.o)
 .debug_aranges
                0x00000200       0x50 /opt/devkitpro/calico/lib/libcalico_ds9.a(tick.o)
 .debug_aranges
                0x00000250       0x90 /opt/devkitpro/calico/lib/libcalico_ds9.a(thread_cold.o)
 .debug_aranges
                0x000002e0       0x50 /opt/devkitpro/calico/lib/libcalico_ds9.a(thread_hot.32.o)
 .debug_aranges
                0x00000330       0x58 /opt/devkitpro/calico/lib/libcalico_ds9.a(mutex.o)
 .debug_aranges
                0x00000388       0x28 /opt/devkitpro/calico/lib/libcalico_ds9.a(arm-context.32.o)
 .debug_aranges
                0x000003b0       0x70 /opt/devkitpro/calico/lib/libcalico_ds9.a(arm-shims.32.o)
 .debug_aranges
                0x00000420       0x20 /opt/devkitpro/calico/lib/libcalico_ds9.a(keypad.o)
 .debug_aranges
                0x00000440       0x38 /opt/devkitpro/calico/lib/libcalico_ds9.a(bootstub_arm9.o)
 .debug_aranges
                0x00000478       0x20 /opt/devkitpro/calico/lib/libcalico_ds9.a(excpt_handler.32.o)
 .debug_aranges
                0x00000498       0x20 /opt/devkitpro/calico/lib/libcalico_ds9.a(touch.o)
 .debug_aranges
                0x000004b8       0xb8 /opt/devkitpro/calico/lib/libcalico_ds9.a(newlib_syscalls.o)
 .debug_aranges
                0x00000570       0x28 /opt/devkitpro/calico/lib/libcalico_ds9.a(startup.crt0.o)
 .debug_aranges
                0x00000598       0x28 /opt/devkitpro/calico/lib/libcalico_ds9.a(utils.crt0.o)
 .debug_aranges
                0x000005c0       0x20 /opt/devkitpro/calico/lib/libcalico_ds9.a(irq_handler.32.o)
 .debug_aranges
                0x000005e0       0x78 /opt/devkitpro/calico/lib/libcalico_ds9.a(pxi.o)
 .debug_aranges
                0x00000658       0x20 /opt/devkitpro/calico/lib/libcalico_ds9.a(mpu_setup.crt0.o)
 .debug_aranges
                0x00000678       0x28 /opt/devkitpro/calico/lib/libcalico_ds9.a(sys_startup.o)
 .debug_aranges
                0x000006a0       0x30 /opt/devkitpro/calico/lib/libcalico_ds9.a(mailbox.o)
 .debug_aranges
                0x000006d0       0x48 /opt/devkitpro/calico/lib/libcalico_ds9.a(arm-cache.32.o)
 .debug_aranges
                0x00000718       0xa0 /opt/devkitpro/calico/lib/libcalico_ds9.a(pm.o)
 .debug_aranges
                0x000007b8       0x20 /opt/devkitpro/devkitARM/lib/gcc/arm-none-eabi/16.1.0/thumb/libgcc.a(_divsi3.o)
 .debug_aranges
                0x000007d8       0x20 /opt/devkitpro/devkitARM/lib/gcc/arm-none-eabi/16.1.0/thumb/libgcc.a(_dvmd_tls.o)
 .debug_aranges
                0x000007f8       0x20 /opt/devkitpro/devkitARM/lib/gcc/arm-none-eabi/16.1.0/thumb/libgcc.a(_aeabi_uldivmod.o)
 .debug_aranges
                0x00000818       0x20 /opt/devkitpro/devkitARM/lib/gcc/arm-none-eabi/16.1.0/thumb/libgcc.a(_udivmoddi4.o)
 .debug_aranges
                0x00000838       0x20 /opt/devkitpro/devkitARM/lib/gcc/arm-none-eabi/16.1.0/thumb/libgcc.a(_clzdi2.o)
 .debug_aranges
                0x00000858       0x20 /opt/devkitpro/devkitARM/lib/gcc/arm-none-eabi/16.1.0/thumb/libgcc.a(_clzsi2.o)
 .debug_aranges
                0x00000878       0x20 /opt/devkitpro/devkitARM/lib/gcc/arm-none-eabi/16.1.0/thumb/libgcc.a(_thumb1_case_uqi.o)
 .debug_aranges
                0x00000898       0x20 /opt/devkitpro/devkitARM/lib/gcc/arm-none-eabi/16.1.0/thumb/libgcc.a(_thumb1_case_uhi.o)
 .debug_aranges
                0x000008b8       0x20 /opt/devkitpro/devkitARM/lib/gcc/arm-none-eabi/16.1.0/thumb/libgcc.a(_udivsi3.o)
 .debug_aranges
                0x000008d8       0x20 /opt/devkitpro/devkitARM/lib/gcc/arm-none-eabi/16.1.0/thumb/libgcc.a(_muldi3.o)

.debug_pubnames
 *(.debug_pubnames)

.debug_info     0x00000000    0x118e5
 *(.debug_info .gnu.linkonce.wi.*)
 .debug_info    0x00000000     0x1345 main.o
 .debug_info    0x00001345     0x2bfc /opt/devkitpro/libnds/lib/libnds9.a(console.o)
 .debug_info    0x00003f41      0x48d /opt/devkitpro/libnds/lib/libnds9.a(keys.o)
 .debug_info    0x000043ce      0x535 /opt/devkitpro/libnds/lib/libnds9.a(timers.o)
 .debug_info    0x00004903      0xa36 /opt/devkitpro/libnds/lib/libnds9.a(background.o)
 .debug_info    0x00005339      0x77c /opt/devkitpro/libnds/lib/libnds9.a(trig.o)
 .debug_info    0x00005ab5      0x28e /opt/devkitpro/calico/lib/libcalico_ds9.a(irq.o)
 .debug_info    0x00005d43      0xc64 /opt/devkitpro/calico/lib/libcalico_ds9.a(tick.o)
 .debug_info    0x000069a7     0x2067 /opt/devkitpro/calico/lib/libcalico_ds9.a(thread_cold.o)
 .debug_info    0x00008a0e     0x12a7 /opt/devkitpro/calico/lib/libcalico_ds9.a(thread_hot.32.o)
 .debug_info    0x00009cb5      0xfec /opt/devkitpro/calico/lib/libcalico_ds9.a(mutex.o)
 .debug_info    0x0000aca1       0x3b /opt/devkitpro/calico/lib/libcalico_ds9.a(arm-context.32.o)
 .debug_info    0x0000acdc      0x385 /opt/devkitpro/calico/lib/libcalico_ds9.a(arm-shims.32.o)
 .debug_info    0x0000b061      0x1c6 /opt/devkitpro/calico/lib/libcalico_ds9.a(keypad.o)
 .debug_info    0x0000b227       0x3e /opt/devkitpro/calico/lib/libcalico_ds9.a(bootstub_arm9.o)
 .debug_info    0x0000b265       0x5d /opt/devkitpro/calico/lib/libcalico_ds9.a(excpt_handler.32.o)
 .debug_info    0x0000b2c2      0x26f /opt/devkitpro/calico/lib/libcalico_ds9.a(touch.o)
 .debug_info    0x0000b531     0x1754 /opt/devkitpro/calico/lib/libcalico_ds9.a(newlib_syscalls.o)
 .debug_info    0x0000cc85      0x4e1 /opt/devkitpro/calico/lib/libcalico_ds9.a(startup.crt0.o)
 .debug_info    0x0000d166       0x3b /opt/devkitpro/calico/lib/libcalico_ds9.a(utils.crt0.o)
 .debug_info    0x0000d1a1       0x33 /opt/devkitpro/calico/lib/libcalico_ds9.a(irq_handler.32.o)
 .debug_info    0x0000d1d4     0x13e2 /opt/devkitpro/calico/lib/libcalico_ds9.a(pxi.o)
 .debug_info    0x0000e5b6       0x33 /opt/devkitpro/calico/lib/libcalico_ds9.a(mpu_setup.crt0.o)
 .debug_info    0x0000e5e9      0x5d5 /opt/devkitpro/calico/lib/libcalico_ds9.a(sys_startup.o)
 .debug_info    0x0000ebbe      0x822 /opt/devkitpro/calico/lib/libcalico_ds9.a(mailbox.o)
 .debug_info    0x0000f3e0       0x67 /opt/devkitpro/calico/lib/libcalico_ds9.a(arm-cache.32.o)
 .debug_info    0x0000f447     0x1b2d /opt/devkitpro/calico/lib/libcalico_ds9.a(pm.o)
 .debug_info    0x00010f74       0x3e /opt/devkitpro/devkitARM/lib/gcc/arm-none-eabi/16.1.0/thumb/libgcc.a(_divsi3.o)
 .debug_info    0x00010fb2       0x3c /opt/devkitpro/devkitARM/lib/gcc/arm-none-eabi/16.1.0/thumb/libgcc.a(_dvmd_tls.o)
 .debug_info    0x00010fee       0x24 /opt/devkitpro/devkitARM/lib/gcc/arm-none-eabi/16.1.0/thumb/libgcc.a(_aeabi_uldivmod.o)
 .debug_info    0x00011012      0x3aa /opt/devkitpro/devkitARM/lib/gcc/arm-none-eabi/16.1.0/thumb/libgcc.a(_udivmoddi4.o)
 .debug_info    0x000113bc       0x31 /opt/devkitpro/devkitARM/lib/gcc/arm-none-eabi/16.1.0/thumb/libgcc.a(_clzdi2.o)
 .debug_info    0x000113ed       0x31 /opt/devkitpro/devkitARM/lib/gcc/arm-none-eabi/16.1.0/thumb/libgcc.a(_clzsi2.o)
 .debug_info    0x0001141e       0x31 /opt/devkitpro/devkitARM/lib/gcc/arm-none-eabi/16.1.0/thumb/libgcc.a(_thumb1_case_uqi.o)
 .debug_info    0x0001144f       0x31 /opt/devkitpro/devkitARM/lib/gcc/arm-none-eabi/16.1.0/thumb/libgcc.a(_thumb1_case_uhi.o)
 .debug_info    0x00011480       0x3e /opt/devkitpro/devkitARM/lib/gcc/arm-none-eabi/16.1.0/thumb/libgcc.a(_udivsi3.o)
 .debug_info    0x000114be      0x427 /opt/devkitpro/devkitARM/lib/gcc/arm-none-eabi/16.1.0/thumb/libgcc.a(_muldi3.o)

.debug_abbrev   0x00000000     0x45c4
 *(.debug_abbrev)
 .debug_abbrev  0x00000000      0x432 main.o
 .debug_abbrev  0x00000432      0x637 /opt/devkitpro/libnds/lib/libnds9.a(console.o)
 .debug_abbrev  0x00000a69      0x273 /opt/devkitpro/libnds/lib/libnds9.a(keys.o)
 .debug_abbrev  0x00000cdc      0x26d /opt/devkitpro/libnds/lib/libnds9.a(timers.o)
 .debug_abbrev  0x00000f49      0x364 /opt/devkitpro/libnds/lib/libnds9.a(background.o)
 .debug_abbrev  0x000012ad      0x26c /opt/devkitpro/libnds/lib/libnds9.a(trig.o)
 .debug_abbrev  0x00001519      0x1c1 /opt/devkitpro/calico/lib/libcalico_ds9.a(irq.o)
 .debug_abbrev  0x000016da      0x329 /opt/devkitpro/calico/lib/libcalico_ds9.a(tick.o)
 .debug_abbrev  0x00001a03      0x634 /opt/devkitpro/calico/lib/libcalico_ds9.a(thread_cold.o)
 .debug_abbrev  0x00002037      0x373 /opt/devkitpro/calico/lib/libcalico_ds9.a(thread_hot.32.o)
 .debug_abbrev  0x000023aa      0x392 /opt/devkitpro/calico/lib/libcalico_ds9.a(mutex.o)
 .debug_abbrev  0x0000273c       0x26 /opt/devkitpro/calico/lib/libcalico_ds9.a(arm-context.32.o)
 .debug_abbrev  0x00002762      0x1c3 /opt/devkitpro/calico/lib/libcalico_ds9.a(arm-shims.32.o)
 .debug_abbrev  0x00002925       0xd0 /opt/devkitpro/calico/lib/libcalico_ds9.a(keypad.o)
 .debug_abbrev  0x000029f5       0x26 /opt/devkitpro/calico/lib/libcalico_ds9.a(bootstub_arm9.o)
 .debug_abbrev  0x00002a1b       0x26 /opt/devkitpro/calico/lib/libcalico_ds9.a(excpt_handler.32.o)
 .debug_abbrev  0x00002a41      0x11a /opt/devkitpro/calico/lib/libcalico_ds9.a(touch.o)
 .debug_abbrev  0x00002b5b      0x4bf /opt/devkitpro/calico/lib/libcalico_ds9.a(newlib_syscalls.o)
 .debug_abbrev  0x0000301a      0x1d6 /opt/devkitpro/calico/lib/libcalico_ds9.a(startup.crt0.o)
 .debug_abbrev  0x000031f0       0x26 /opt/devkitpro/calico/lib/libcalico_ds9.a(utils.crt0.o)
 .debug_abbrev  0x00003216       0x28 /opt/devkitpro/calico/lib/libcalico_ds9.a(irq_handler.32.o)
 .debug_abbrev  0x0000323e      0x445 /opt/devkitpro/calico/lib/libcalico_ds9.a(pxi.o)
 .debug_abbrev  0x00003683       0x28 /opt/devkitpro/calico/lib/libcalico_ds9.a(mpu_setup.crt0.o)
 .debug_abbrev  0x000036ab      0x1f4 /opt/devkitpro/calico/lib/libcalico_ds9.a(sys_startup.o)
 .debug_abbrev  0x0000389f      0x2c4 /opt/devkitpro/calico/lib/libcalico_ds9.a(mailbox.o)
 .debug_abbrev  0x00003b63       0x26 /opt/devkitpro/calico/lib/libcalico_ds9.a(arm-cache.32.o)
 .debug_abbrev  0x00003b89      0x693 /opt/devkitpro/calico/lib/libcalico_ds9.a(pm.o)
 .debug_abbrev  0x0000421c       0x28 /opt/devkitpro/devkitARM/lib/gcc/arm-none-eabi/16.1.0/thumb/libgcc.a(_divsi3.o)
 .debug_abbrev  0x00004244       0x26 /opt/devkitpro/devkitARM/lib/gcc/arm-none-eabi/16.1.0/thumb/libgcc.a(_dvmd_tls.o)
 .debug_abbrev  0x0000426a       0x14 /opt/devkitpro/devkitARM/lib/gcc/arm-none-eabi/16.1.0/thumb/libgcc.a(_aeabi_uldivmod.o)
 .debug_abbrev  0x0000427e      0x126 /opt/devkitpro/devkitARM/lib/gcc/arm-none-eabi/16.1.0/thumb/libgcc.a(_udivmoddi4.o)
 .debug_abbrev  0x000043a4       0x28 /opt/devkitpro/devkitARM/lib/gcc/arm-none-eabi/16.1.0/thumb/libgcc.a(_clzdi2.o)
 .debug_abbrev  0x000043cc       0x28 /opt/devkitpro/devkitARM/lib/gcc/arm-none-eabi/16.1.0/thumb/libgcc.a(_clzsi2.o)
 .debug_abbrev  0x000043f4       0x28 /opt/devkitpro/devkitARM/lib/gcc/arm-none-eabi/16.1.0/thumb/libgcc.a(_thumb1_case_uqi.o)
 .debug_abbrev  0x0000441c       0x28 /opt/devkitpro/devkitARM/lib/gcc/arm-none-eabi/16.1.0/thumb/libgcc.a(_thumb1_case_uhi.o)
 .debug_abbrev  0x00004444       0x28 /opt/devkitpro/devkitARM/lib/gcc/arm-none-eabi/16.1.0/thumb/libgcc.a(_udivsi3.o)
 .debug_abbrev  0x0000446c      0x158 /opt/devkitpro/devkitARM/lib/gcc/arm-none-eabi/16.1.0/thumb/libgcc.a(_muldi3.o)

.debug_line     0x00000000     0xbcf4
 *(.debug_line .debug_line.* .debug_line_end)
 .debug_line    0x00000000      0xa52 main.o
 .debug_line    0x00000a52     0x169d /opt/devkitpro/libnds/lib/libnds9.a(console.o)
 .debug_line    0x000020ef      0x457 /opt/devkitpro/libnds/lib/libnds9.a(keys.o)
 .debug_line    0x00002546      0x52a /opt/devkitpro/libnds/lib/libnds9.a(timers.o)
 .debug_line    0x00002a70      0x61c /opt/devkitpro/libnds/lib/libnds9.a(background.o)
 .debug_line    0x0000308c      0x77f /opt/devkitpro/libnds/lib/libnds9.a(trig.o)
 .debug_line    0x0000380b      0x3b3 /opt/devkitpro/calico/lib/libcalico_ds9.a(irq.o)
 .debug_line    0x00003bbe      0xbae /opt/devkitpro/calico/lib/libcalico_ds9.a(tick.o)
 .debug_line    0x0000476c     0x11fe /opt/devkitpro/calico/lib/libcalico_ds9.a(thread_cold.o)
 .debug_line    0x0000596a      0xed6 /opt/devkitpro/calico/lib/libcalico_ds9.a(thread_hot.32.o)
 .debug_line    0x00006840      0xd5e /opt/devkitpro/calico/lib/libcalico_ds9.a(mutex.o)
 .debug_line    0x0000759e       0x69 /opt/devkitpro/calico/lib/libcalico_ds9.a(arm-context.32.o)
 .debug_line    0x00007607      0x36d /opt/devkitpro/calico/lib/libcalico_ds9.a(arm-shims.32.o)
 .debug_line    0x00007974      0x232 /opt/devkitpro/calico/lib/libcalico_ds9.a(keypad.o)
 .debug_line    0x00007ba6      0x108 /opt/devkitpro/calico/lib/libcalico_ds9.a(bootstub_arm9.o)
 .debug_line    0x00007cae       0x66 /opt/devkitpro/calico/lib/libcalico_ds9.a(excpt_handler.32.o)
 .debug_line    0x00007d14      0x2a1 /opt/devkitpro/calico/lib/libcalico_ds9.a(touch.o)
 .debug_line    0x00007fb5      0x9aa /opt/devkitpro/calico/lib/libcalico_ds9.a(newlib_syscalls.o)
 .debug_line    0x0000895f      0x480 /opt/devkitpro/calico/lib/libcalico_ds9.a(startup.crt0.o)
 .debug_line    0x00008ddf       0x7d /opt/devkitpro/calico/lib/libcalico_ds9.a(utils.crt0.o)
 .debug_line    0x00008e5c       0x92 /opt/devkitpro/calico/lib/libcalico_ds9.a(irq_handler.32.o)
 .debug_line    0x00008eee      0xb09 /opt/devkitpro/calico/lib/libcalico_ds9.a(pxi.o)
 .debug_line    0x000099f7       0x6e /opt/devkitpro/calico/lib/libcalico_ds9.a(mpu_setup.crt0.o)
 .debug_line    0x00009a65      0x65d /opt/devkitpro/calico/lib/libcalico_ds9.a(sys_startup.o)
 .debug_line    0x0000a0c2      0x5e7 /opt/devkitpro/calico/lib/libcalico_ds9.a(mailbox.o)
 .debug_line    0x0000a6a9       0xb2 /opt/devkitpro/calico/lib/libcalico_ds9.a(arm-cache.32.o)
 .debug_line    0x0000a75b      0xfa7 /opt/devkitpro/calico/lib/libcalico_ds9.a(pm.o)
 .debug_line    0x0000b702       0x73 /opt/devkitpro/devkitARM/lib/gcc/arm-none-eabi/16.1.0/thumb/libgcc.a(_divsi3.o)
 .debug_line    0x0000b775       0x4a /opt/devkitpro/devkitARM/lib/gcc/arm-none-eabi/16.1.0/thumb/libgcc.a(_dvmd_tls.o)
 .debug_line    0x0000b7bf       0x4e /opt/devkitpro/devkitARM/lib/gcc/arm-none-eabi/16.1.0/thumb/libgcc.a(_aeabi_uldivmod.o)
 .debug_line    0x0000b80d      0x1e7 /opt/devkitpro/devkitARM/lib/gcc/arm-none-eabi/16.1.0/thumb/libgcc.a(_udivmoddi4.o)
 .debug_line    0x0000b9f4       0x54 /opt/devkitpro/devkitARM/lib/gcc/arm-none-eabi/16.1.0/thumb/libgcc.a(_clzdi2.o)
 .debug_line    0x0000ba48       0x57 /opt/devkitpro/devkitARM/lib/gcc/arm-none-eabi/16.1.0/thumb/libgcc.a(_clzsi2.o)
 .debug_line    0x0000ba9f       0x52 /opt/devkitpro/devkitARM/lib/gcc/arm-none-eabi/16.1.0/thumb/libgcc.a(_thumb1_case_uqi.o)
 .debug_line    0x0000baf1       0x53 /opt/devkitpro/devkitARM/lib/gcc/arm-none-eabi/16.1.0/thumb/libgcc.a(_thumb1_case_uhi.o)
 .debug_line    0x0000bb44       0x67 /opt/devkitpro/devkitARM/lib/gcc/arm-none-eabi/16.1.0/thumb/libgcc.a(_udivsi3.o)
 .debug_line    0x0000bbab      0x149 /opt/devkitpro/devkitARM/lib/gcc/arm-none-eabi/16.1.0/thumb/libgcc.a(_muldi3.o)

.debug_frame    0x00000000     0x128c
 *(.debug_frame)
 .debug_frame   0x00000000       0xac main.o
 .debug_frame   0x000000ac      0x17c /opt/devkitpro/libnds/lib/libnds9.a(console.o)
 .debug_frame   0x00000228       0x98 /opt/devkitpro/libnds/lib/libnds9.a(keys.o)
 .debug_frame   0x000002c0       0x98 /opt/devkitpro/libnds/lib/libnds9.a(timers.o)
 .debug_frame   0x00000358       0xb4 /opt/devkitpro/libnds/lib/libnds9.a(background.o)
 .debug_frame   0x0000040c       0xd8 /opt/devkitpro/libnds/lib/libnds9.a(trig.o)
 .debug_frame   0x000004e4       0x28 /opt/devkitpro/calico/lib/libcalico_ds9.a(irq.o)
 .debug_frame   0x0000050c       0xf0 /opt/devkitpro/calico/lib/libcalico_ds9.a(tick.o)
 .debug_frame   0x000005fc      0x1bc /opt/devkitpro/calico/lib/libcalico_ds9.a(thread_cold.o)
 .debug_frame   0x000007b8       0xe0 /opt/devkitpro/calico/lib/libcalico_ds9.a(thread_hot.32.o)
 .debug_frame   0x00000898      0x118 /opt/devkitpro/calico/lib/libcalico_ds9.a(mutex.o)
 .debug_frame   0x000009b0       0x30 /opt/devkitpro/calico/lib/libcalico_ds9.a(arm-context.32.o)
 .debug_frame   0x000009e0       0xc0 /opt/devkitpro/calico/lib/libcalico_ds9.a(arm-shims.32.o)
 .debug_frame   0x00000aa0       0x20 /opt/devkitpro/calico/lib/libcalico_ds9.a(keypad.o)
 .debug_frame   0x00000ac0       0x30 /opt/devkitpro/calico/lib/libcalico_ds9.a(bootstub_arm9.o)
 .debug_frame   0x00000af0       0x28 /opt/devkitpro/calico/lib/libcalico_ds9.a(touch.o)
 .debug_frame   0x00000b18      0x1d8 /opt/devkitpro/calico/lib/libcalico_ds9.a(newlib_syscalls.o)
 .debug_frame   0x00000cf0       0x58 /opt/devkitpro/calico/lib/libcalico_ds9.a(startup.crt0.o)
 .debug_frame   0x00000d48       0x30 /opt/devkitpro/calico/lib/libcalico_ds9.a(utils.crt0.o)
 .debug_frame   0x00000d78       0x20 /opt/devkitpro/calico/lib/libcalico_ds9.a(irq_handler.32.o)
 .debug_frame   0x00000d98      0x15c /opt/devkitpro/calico/lib/libcalico_ds9.a(pxi.o)
 .debug_frame   0x00000ef4       0x20 /opt/devkitpro/calico/lib/libcalico_ds9.a(mpu_setup.crt0.o)
 .debug_frame   0x00000f14       0x38 /opt/devkitpro/calico/lib/libcalico_ds9.a(sys_startup.o)
 .debug_frame   0x00000f4c       0x64 /opt/devkitpro/calico/lib/libcalico_ds9.a(mailbox.o)
 .debug_frame   0x00000fb0       0x70 /opt/devkitpro/calico/lib/libcalico_ds9.a(arm-cache.32.o)
 .debug_frame   0x00001020      0x190 /opt/devkitpro/calico/lib/libcalico_ds9.a(pm.o)
 .debug_frame   0x000011b0       0x20 /opt/devkitpro/devkitARM/lib/gcc/arm-none-eabi/16.1.0/thumb/libgcc.a(_divsi3.o)
 .debug_frame   0x000011d0       0x2c /opt/devkitpro/devkitARM/lib/gcc/arm-none-eabi/16.1.0/thumb/libgcc.a(_aeabi_uldivmod.o)
 .debug_frame   0x000011fc       0x3c /opt/devkitpro/devkitARM/lib/gcc/arm-none-eabi/16.1.0/thumb/libgcc.a(_udivmoddi4.o)
 .debug_frame   0x00001238       0x20 /opt/devkitpro/devkitARM/lib/gcc/arm-none-eabi/16.1.0/thumb/libgcc.a(_udivsi3.o)
 .debug_frame   0x00001258       0x34 /opt/devkitpro/devkitARM/lib/gcc/arm-none-eabi/16.1.0/thumb/libgcc.a(_muldi3.o)

.debug_str      0x00000000     0x46cb
 *(.debug_str)
 .debug_str     0x00000000     0x46cb main.o
                                0x95b (size before relaxing)
 .debug_str     0x000046cb        0x0 /opt/devkitpro/libnds/lib/libnds9.a(console.o)
                               0x1329 (size before relaxing)
 .debug_str     0x000046cb        0x0 /opt/devkitpro/libnds/lib/libnds9.a(keys.o)
                                0x2eb (size before relaxing)
 .debug_str     0x000046cb        0x0 /opt/devkitpro/libnds/lib/libnds9.a(timers.o)
                                0x364 (size before relaxing)
 .debug_str     0x000046cb        0x0 /opt/devkitpro/libnds/lib/libnds9.a(background.o)
                                0x76c (size before relaxing)
 .debug_str     0x000046cb        0x0 /opt/devkitpro/libnds/lib/libnds9.a(trig.o)
                                0x2d5 (size before relaxing)
 .debug_str     0x000046cb        0x0 /opt/devkitpro/calico/lib/libcalico_ds9.a(irq.o)
                                0x24b (size before relaxing)
 .debug_str     0x000046cb        0x0 /opt/devkitpro/calico/lib/libcalico_ds9.a(tick.o)
                                0x3b6 (size before relaxing)
 .debug_str     0x000046cb        0x0 /opt/devkitpro/calico/lib/libcalico_ds9.a(thread_cold.o)
                                0xa3c (size before relaxing)
 .debug_str     0x000046cb        0x0 /opt/devkitpro/calico/lib/libcalico_ds9.a(thread_hot.32.o)
                                0x508 (size before relaxing)
 .debug_str     0x000046cb        0x0 /opt/devkitpro/calico/lib/libcalico_ds9.a(mutex.o)
                                0x518 (size before relaxing)
 .debug_str     0x000046cb        0x0 /opt/devkitpro/calico/lib/libcalico_ds9.a(arm-context.32.o)
                                 0xef (size before relaxing)
 .debug_str     0x000046cb        0x0 /opt/devkitpro/calico/lib/libcalico_ds9.a(arm-shims.32.o)
                                0x286 (size before relaxing)
 .debug_str     0x000046cb        0x0 /opt/devkitpro/calico/lib/libcalico_ds9.a(keypad.o)
                                0x2a0 (size before relaxing)
 .debug_str     0x000046cb        0x0 /opt/devkitpro/calico/lib/libcalico_ds9.a(bootstub_arm9.o)
                                 0xfe (size before relaxing)
 .debug_str     0x000046cb        0x0 /opt/devkitpro/calico/lib/libcalico_ds9.a(excpt_handler.32.o)
                                0x128 (size before relaxing)
 .debug_str     0x000046cb        0x0 /opt/devkitpro/calico/lib/libcalico_ds9.a(touch.o)
                                0x2c3 (size before relaxing)
 .debug_str     0x000046cb        0x0 /opt/devkitpro/calico/lib/libcalico_ds9.a(newlib_syscalls.o)
                                0xc06 (size before relaxing)
 .debug_str     0x000046cb        0x0 /opt/devkitpro/calico/lib/libcalico_ds9.a(startup.crt0.o)
                                0x39e (size before relaxing)
 .debug_str     0x000046cb        0x0 /opt/devkitpro/calico/lib/libcalico_ds9.a(utils.crt0.o)
                                 0xf6 (size before relaxing)
 .debug_str     0x000046cb        0x0 /opt/devkitpro/calico/lib/libcalico_ds9.a(irq_handler.32.o)
                                 0xe1 (size before relaxing)
 .debug_str     0x000046cb        0x0 /opt/devkitpro/calico/lib/libcalico_ds9.a(pxi.o)
                                0x9a7 (size before relaxing)
 .debug_str     0x000046cb        0x0 /opt/devkitpro/calico/lib/libcalico_ds9.a(mpu_setup.crt0.o)
                                 0xe3 (size before relaxing)
 .debug_str     0x000046cb        0x0 /opt/devkitpro/calico/lib/libcalico_ds9.a(sys_startup.o)
                                0x3d9 (size before relaxing)
 .debug_str     0x000046cb        0x0 /opt/devkitpro/calico/lib/libcalico_ds9.a(mailbox.o)
                                0x3c2 (size before relaxing)
 .debug_str     0x000046cb        0x0 /opt/devkitpro/calico/lib/libcalico_ds9.a(arm-cache.32.o)
                                0x143 (size before relaxing)
 .debug_str     0x000046cb        0x0 /opt/devkitpro/calico/lib/libcalico_ds9.a(pm.o)
                                0xd83 (size before relaxing)
 .debug_str     0x000046cb        0x0 /opt/devkitpro/devkitARM/lib/gcc/arm-none-eabi/16.1.0/thumb/libgcc.a(_divsi3.o)
                                 0xf4 (size before relaxing)
 .debug_str     0x000046cb        0x0 /opt/devkitpro/devkitARM/lib/gcc/arm-none-eabi/16.1.0/thumb/libgcc.a(_dvmd_tls.o)
                                 0xf7 (size before relaxing)
 .debug_str     0x000046cb        0x0 /opt/devkitpro/devkitARM/lib/gcc/arm-none-eabi/16.1.0/thumb/libgcc.a(_aeabi_uldivmod.o)
                                 0xd7 (size before relaxing)
 .debug_str     0x000046cb        0x0 /opt/devkitpro/devkitARM/lib/gcc/arm-none-eabi/16.1.0/thumb/libgcc.a(_udivmoddi4.o)
                                0x686 (size before relaxing)
 .debug_str     0x000046cb        0x0 /opt/devkitpro/devkitARM/lib/gcc/arm-none-eabi/16.1.0/thumb/libgcc.a(_clzdi2.o)
                                 0xe4 (size before relaxing)
 .debug_str     0x000046cb        0x0 /opt/devkitpro/devkitARM/lib/gcc/arm-none-eabi/16.1.0/thumb/libgcc.a(_clzsi2.o)
                                 0xe4 (size before relaxing)
 .debug_str     0x000046cb        0x0 /opt/devkitpro/devkitARM/lib/gcc/arm-none-eabi/16.1.0/thumb/libgcc.a(_thumb1_case_uqi.o)
                                 0xf1 (size before relaxing)
 .debug_str     0x000046cb        0x0 /opt/devkitpro/devkitARM/lib/gcc/arm-none-eabi/16.1.0/thumb/libgcc.a(_thumb1_case_uhi.o)
                                 0xf1 (size before relaxing)
 .debug_str     0x000046cb        0x0 /opt/devkitpro/devkitARM/lib/gcc/arm-none-eabi/16.1.0/thumb/libgcc.a(_udivsi3.o)
                                 0xf6 (size before relaxing)
 .debug_str     0x000046cb        0x0 /opt/devkitpro/devkitARM/lib/gcc/arm-none-eabi/16.1.0/thumb/libgcc.a(_muldi3.o)
                                0x6ad (size before relaxing)

.debug_loc
 *(.debug_loc)

.debug_macinfo
 *(.debug_macinfo)

.debug_weaknames
 *(.debug_weaknames)

.debug_funcnames
 *(.debug_funcnames)

.debug_typenames
 *(.debug_typenames)

.debug_varnames
 *(.debug_varnames)

.debug_pubtypes
 *(.debug_pubtypes)

.debug_ranges
 *(.debug_ranges)

.debug_macro
 *(.debug_macro)

.debug_addr